Component: ARM Compiler 6.14.1 Tool: armlink [5db06d00]

==============================================================================

Section Cross References

    main.o(.text.main) refers to bsp.o(.text.init_gpio) for init_gpio
    main.o(.text.main) refers to queue.o(.text.xQueueGenericCreate) for xQueueGenericCreate
    main.o(.text.main) refers to main.o(.bss.xBinarySemaphore) for xBinarySemaphore
    main.o(.text.main) refers to main.o(.bss.Sem1) for Sem1
    main.o(.text.main) refers to main.o(.bss.Sem2) for Sem2
    main.o(.text.main) refers to main.o(.bss.Sem3) for Sem3
    main.o(.text.main) refers to main.o(.text.vHandlerTask) for vHandlerTask
    main.o(.text.main) refers to tasks.o(.text.xTaskCreate) for xTaskCreate
    main.o(.text.main) refers to main.o(.text.vPeriodicTask) for vPeriodicTask
    main.o(.text.main) refers to main.o(.text.service_1) for service_1
    main.o(.text.main) refers to main.o(.text.service_2) for service_2
    main.o(.text.main) refers to main.o(.text.service_3) for service_3
    main.o(.text.main) refers to tasks.o(.text.vTaskStartScheduler) for vTaskStartScheduler
    main.o(.ARM.exidx.text.main) refers to main.o(.text.main) for [Anonymous Symbol]
    main.o(.text.vHandlerTask) refers to main.o(.bss.xBinarySemaphore) for xBinarySemaphore
    main.o(.text.vHandlerTask) refers to queue.o(.text.xQueueSemaphoreTake) for xQueueSemaphoreTake
    main.o(.text.vHandlerTask) refers to tasks.o(.text.vTaskDelay) for vTaskDelay
    main.o(.ARM.exidx.text.vHandlerTask) refers to main.o(.text.vHandlerTask) for [Anonymous Symbol]
    main.o(.text.vPeriodicTask) refers to main.o(.bss.xBinarySemaphore) for xBinarySemaphore
    main.o(.text.vPeriodicTask) refers to main.o(.bss.Sem1) for Sem1
    main.o(.text.vPeriodicTask) refers to main.o(.bss.Sem3) for Sem3
    main.o(.text.vPeriodicTask) refers to tasks.o(.text.vTaskDelay) for vTaskDelay
    main.o(.text.vPeriodicTask) refers to queue.o(.text.xQueueGenericSend) for xQueueGenericSend
    main.o(.text.vPeriodicTask) refers to lludivv7m.o(.text) for __aeabi_uldivmod
    main.o(.text.vPeriodicTask) refers to main.o(.bss.Sem2) for Sem2
    main.o(.ARM.exidx.text.vPeriodicTask) refers to main.o(.text.vPeriodicTask) for [Anonymous Symbol]
    main.o(.text.service_1) refers to main.o(.bss.Sem1) for Sem1
    main.o(.text.service_1) refers to queue.o(.text.xQueueSemaphoreTake) for xQueueSemaphoreTake
    main.o(.ARM.exidx.text.service_1) refers to main.o(.text.service_1) for [Anonymous Symbol]
    main.o(.text.service_2) refers to main.o(.bss.Sem2) for Sem2
    main.o(.text.service_2) refers to queue.o(.text.xQueueSemaphoreTake) for xQueueSemaphoreTake
    main.o(.ARM.exidx.text.service_2) refers to main.o(.text.service_2) for [Anonymous Symbol]
    main.o(.text.service_3) refers to main.o(.bss.Sem3) for Sem3
    main.o(.text.service_3) refers to queue.o(.text.xQueueSemaphoreTake) for xQueueSemaphoreTake
    main.o(.ARM.exidx.text.service_3) refers to main.o(.text.service_3) for [Anonymous Symbol]
    main.o(.ARM.exidx.text.ErrorFxn) refers to main.o(.text.ErrorFxn) for [Anonymous Symbol]
    main.o(.text.vApplicationIdleHook) refers to main.o(.bss.ulIdleCycleCount) for ulIdleCycleCount
    main.o(.ARM.exidx.text.vApplicationIdleHook) refers to main.o(.text.vApplicationIdleHook) for [Anonymous Symbol]
    bsp.o(.ARM.exidx.text.init_gpio) refers to bsp.o(.text.init_gpio) for [Anonymous Symbol]
    startup_tm4c123.o(STACK) refers (Special) to heapauxi.o(.text) for __use_two_region_memory
    startup_tm4c123.o(HEAP) refers (Special) to heapauxi.o(.text) for __use_two_region_memory
    startup_tm4c123.o(RESET) refers (Special) to heapauxi.o(.text) for __use_two_region_memory
    startup_tm4c123.o(RESET) refers to startup_tm4c123.o(STACK) for __initial_sp
    startup_tm4c123.o(RESET) refers to startup_tm4c123.o(.text) for Reset_Handler
    startup_tm4c123.o(RESET) refers to port.o(.text.SVC_Handler) for SVC_Handler
    startup_tm4c123.o(RESET) refers to port.o(.text.PendSV_Handler) for PendSV_Handler
    startup_tm4c123.o(RESET) refers to port.o(.text.SysTick_Handler) for SysTick_Handler
    startup_tm4c123.o(.text) refers (Special) to heapauxi.o(.text) for __use_two_region_memory
    startup_tm4c123.o(.text) refers to system_tm4c123.o(.text.SystemInit) for SystemInit
    startup_tm4c123.o(.text) refers to __main.o(!!!main) for __main
    startup_tm4c123.o(.text) refers to startup_tm4c123.o(HEAP) for Heap_Mem
    startup_tm4c123.o(.text) refers to startup_tm4c123.o(STACK) for Stack_Mem
    system_tm4c123.o(.text.SystemCoreClockUpdate) refers to system_tm4c123.o(.text.getOscClk) for getOscClk
    system_tm4c123.o(.text.SystemCoreClockUpdate) refers to system_tm4c123.o(.data.SystemCoreClock) for SystemCoreClock
    system_tm4c123.o(.ARM.exidx.text.SystemCoreClockUpdate) refers to system_tm4c123.o(.text.SystemCoreClockUpdate) for [Anonymous Symbol]
[...]
    ../clib/angel/boardlib.s                 0x00000000   Number         0  boardinit2.o ABSOLUTE
    ../clib/angel/boardlib.s                 0x00000000   Number         0  boardinit3.o ABSOLUTE
    ../clib/angel/boardlib.s                 0x00000000   Number         0  boardshut.o ABSOLUTE
    ../clib/angel/handlers.s                 0x00000000   Number         0  __scatter_copy.o ABSOLUTE
    ../clib/angel/handlers.s                 0x00000000   Number         0  __scatter_zi.o ABSOLUTE
    ../clib/angel/kernel.s                   0x00000000   Number         0  __rtentry.o ABSOLUTE
    ../clib/angel/kernel.s                   0x00000000   Number         0  __rtentry2.o ABSOLUTE
    ../clib/angel/kernel.s                   0x00000000   Number         0  __rtentry4.o ABSOLUTE
    ../clib/angel/kernel.s                   0x00000000   Number         0  rtexit.o ABSOLUTE
    ../clib/angel/kernel.s                   0x00000000   Number         0  rtexit2.o ABSOLUTE
    ../clib/angel/rt.s                       0x00000000   Number         0  aeabi_ldiv0.o ABSOLUTE
    ../clib/angel/rt.s                       0x00000000   Number         0  aeabi_ldiv0_sigfpe.o ABSOLUTE
    ../clib/angel/rt.s                       0x00000000   Number         0  rt_div0.o ABSOLUTE
    ../clib/angel/rt.s                       0x00000000   Number         0  rt_raise.o ABSOLUTE
    ../clib/angel/scatter.s                  0x00000000   Number         0  __scatter.o ABSOLUTE
    ../clib/angel/startup.s                  0x00000000   Number         0  __main.o ABSOLUTE
    ../clib/angel/sys.s                      0x00000000   Number         0  sys_stackheap_outer.o ABSOLUTE
    ../clib/angel/sys.s                      0x00000000   Number         0  libspace.o ABSOLUTE
    ../clib/angel/sys.s                      0x00000000   Number         0  use_no_semi.o ABSOLUTE
    ../clib/angel/sys.s                      0x00000000   Number         0  indicate_semi.o ABSOLUTE
    ../clib/angel/sysapp.c                   0x00000000   Number         0  sys_exit.o ABSOLUTE
    ../clib/angel/sysapp.c                   0x00000000   Number         0  sys_exit_hlt.o ABSOLUTE
    ../clib/angel/sysapp.c                   0x00000000   Number         0  sys_wrch.o ABSOLUTE
    ../clib/angel/sysapp.c                   0x00000000   Number         0  sys_wrch_hlt.o ABSOLUTE
    ../clib/angel/sysapp.c                   0x00000000   Number         0  sys_command.o ABSOLUTE
    ../clib/angel/sysapp.c                   0x00000000   Number         0  sys_command_hlt.o ABSOLUTE
    ../clib/armsys.c                         0x00000000   Number         0  argv_veneer.o ABSOLUTE
    ../clib/armsys.c                         0x00000000   Number         0  argv_veneer.o ABSOLUTE
    ../clib/armsys.c                         0x00000000   Number         0  _get_argv_nomalloc.o ABSOLUTE
    ../clib/armsys.c                         0x00000000   Number         0  no_argv.o ABSOLUTE
    ../clib/heapalloc.c                      0x00000000   Number         0  hrguard.o ABSOLUTE
    ../clib/heapaux.c                        0x00000000   Number         0  heapauxi.o ABSOLUTE
    ../clib/libinit.s                        0x00000000   Number         0  libinit.o ABSOLUTE
    ../clib/libinit.s                        0x00000000   Number         0  libinit2.o ABSOLUTE
    ../clib/libinit.s                        0x00000000   Number         0  libshutdown.o ABSOLUTE
    ../clib/libinit.s                        0x00000000   Number         0  libshutdown2.o ABSOLUTE
    ../clib/longlong.s                       0x00000000   Number         0  lludivv7m.o ABSOLUTE
    ../clib/memcpset.s                       0x00000000   Number         0  rt_memcpy_v6.o ABSOLUTE
    ../clib/memcpset.s                       0x00000000   Number         0  aeabi_memset4.o ABSOLUTE
    ../clib/memcpset.s                       0x00000000   Number         0  rt_memcpy_w.o ABSOLUTE
    ../clib/memcpset.s                       0x00000000   Number         0  rt_memclr_w.o ABSOLUTE
    ../clib/signal.c                         0x00000000   Number         0  defsig_fpe_outer.o ABSOLUTE
    ../clib/signal.c                         0x00000000   Number         0  defsig_fpe_formal.o ABSOLUTE
    ../clib/signal.c                         0x00000000   Number         0  defsig_exit.o ABSOLUTE
    ../clib/signal.c                         0x00000000   Number         0  defsig_fpe_inner.o ABSOLUTE
    ../clib/signal.c                         0x00000000   Number         0  __raise.o ABSOLUTE
    ../clib/signal.c                         0x00000000   Number         0  defsig_general.o ABSOLUTE
    ../clib/signal.c                         0x00000000   Number         0  defsig_abrt_inner.o ABSOLUTE
    ../clib/signal.c                         0x00000000   Number         0  defsig_rtred_inner.o ABSOLUTE
    ../clib/signal.c                         0x00000000   Number         0  defsig_rtmem_inner.o ABSOLUTE
    ../clib/signal.c                         0x00000000   Number         0  defsig_rtmem_outer.o ABSOLUTE
    ../clib/signal.c                         0x00000000   Number         0  defsig_rtmem_formal.o ABSOLUTE
    ../clib/signal.c                         0x00000000   Number         0  defsig_stak_inner.o ABSOLUTE
    ../clib/signal.c                         0x00000000   Number         0  defsig_pvfn_inner.o ABSOLUTE
    ../clib/signal.c                         0x00000000   Number         0  defsig_cppl_inner.o ABSOLUTE
    ../clib/signal.c                         0x00000000   Number         0  defsig_segv_inner.o ABSOLUTE
    ../clib/signal.c                         0x00000000   Number         0  defsig_other.o ABSOLUTE
    ../clib/signal.s                         0x00000000   Number         0  defsig.o ABSOLUTE
    ../clib/stdlib.c                         0x00000000   Number         0  exit.o ABSOLUTE
    ../clib/string.c                         0x00000000   Number         0  strlen.o ABSOLUTE
    ../fplib/fpinit.s                        0x00000000   Number         0  fpinit.o ABSOLUTE
    RTE/Device/TM4C123GH6PM/startup_TM4C123.s 0x00000000   Number         0  startup_tm4c123.o ABSOLUTE
    bsp.c                                    0x00000000   Number         0  bsp.o ABSOLUTE
    dc.s                                     0x00000000   Number         0  dc.o ABSOLUTE
    freertos_evr.c                           0x00000000   Number         0  freertos_evr.o ABSOLUTE
    heap_1.c                                 0x00000000   Number         0  heap_1.o ABSOLUTE
    list.c                                   0x00000000   Number         0  list.o ABSOLUTE
    main.c                                   0x00000000   Number         0  main.o ABSOLUTE
    port.c                                   0x00000000   Number         0  port.o ABSOLUTE
    queue.c                                  0x00000000   Number         0  queue.o ABSOLUTE
    system_TM4C123.c                         0x00000000   Number         0  system_tm4c123.o ABSOLUTE
    tasks.c                                  0x00000000   Number         0  tasks.o ABSOLUTE
    timers.c                                 0x00000000   Number         0  timers.o ABSOLUTE
    RESET                                    0x00000000   Section      620  startup_tm4c123.o(RESET)
    !!!main                                  0x0000026c   Section        8  __main.o(!!!main)
    !!!scatter                               0x00000274   Section       52  __scatter.o(!!!scatter)
    !!handler_copy                           0x000002a8   Section       26  __scatter_copy.o(!!handler_copy)
    !!handler_zi                             0x000002c4   Section       28  __scatter_zi.o(!!handler_zi)
    .ARM.Collect$$libinit$$00000000          0x000002e0   Section        2  libinit.o(.ARM.Collect$$libinit$$00000000)
    .ARM.Collect$$libinit$$00000001          0x000002e2   Section        4  libinit2.o(.ARM.Collect$$libinit$$00000001)
    .ARM.Collect$$libinit$$00000004          0x000002e6   Section        0  libinit2.o(.ARM.Collect$$libinit$$00000004)
    .ARM.Collect$$libinit$$0000000A          0x000002e6   Section        0  libinit2.o(.ARM.Collect$$libinit$$0000000A)
    .ARM.Collect$$libinit$$0000000C          0x000002e6   Section        0  libinit2.o(.ARM.Collect$$libinit$$0000000C)
    .ARM.Collect$$libinit$$0000000E          0x000002e6   Section        0  libinit2.o(.ARM.Collect$$libinit$$0000000E)
    .ARM.Collect$$libinit$$00000011          0x000002e6   Section        0  libinit2.o(.ARM.Collect$$libinit$$00000011)
    .ARM.Collect$$libinit$$00000013          0x000002e6   Section        0  libinit2.o(.ARM.Collect$$libinit$$00000013)
    .ARM.Collect$$libinit$$00000015          0x000002e6   Section        0  libinit2.o(.ARM.Collect$$libinit$$00000015)
    .ARM.Collect$$libinit$$00000017          0x000002e6   Section        0  libinit2.o(.ARM.Collect$$libinit$$00000017)
    .ARM.Collect$$libinit$$00000019          0x000002e6   Section        0  libinit2.o(.ARM.Collect$$libinit$$00000019)
    .ARM.Collect$$libinit$$0000001B          0x000002e6   Section        0  libinit2.o(.ARM.Collect$$libinit$$0000001B)
    .ARM.Collect$$libinit$$0000001D          0x000002e6   Section        0  libinit2.o(.ARM.Collect$$libinit$$0000001D)
    .ARM.Collect$$libinit$$0000001F          0x000002e6   Section        0  libinit2.o(.ARM.Collect$$libinit$$0000001F)
    .ARM.Collect$$libinit$$00000021          0x000002e6   Section        0  libinit2.o(.ARM.Collect$$libinit$$00000021)
    .ARM.Collect$$libinit$$00000023          0x000002e6   Section        0  libinit2.o(.ARM.Collect$$libinit$$00000023)
    .ARM.Collect$$libinit$$00000025          0x000002e6   Section        0  libinit2.o(.ARM.Collect$$libinit$$00000025)
    .ARM.Collect$$libinit$$0000002C          0x000002e6   Section        0  libinit2.o(.ARM.Collect$$libinit$$0000002C)
    .ARM.Collect$$libinit$$0000002E          0x000002e6   Section        0  libinit2.o(.ARM.Collect$$libinit$$0000002E)
    .ARM.Collect$$libinit$$00000030          0x000002e6   Section        0  libinit2.o(.ARM.Collect$$libinit$$00000030)
    .ARM.Collect$$libinit$$00000032          0x000002e6   Section        0  libinit2.o(.ARM.Collect$$libinit$$00000032)
    .ARM.Collect$$libinit$$00000033          0x000002e6   Section        2  libinit2.o(.ARM.Collect$$libinit$$00000033)
    .ARM.Collect$$libshutdown$$00000000      0x000002e8   Section        2  libshutdown.o(.ARM.Collect$$libshutdown$$00000000)
    .ARM.Collect$$libshutdown$$00000002      0x000002ea   Section        0  libshutdown2.o(.ARM.Collect$$libshutdown$$00000002)
    .ARM.Collect$$libshutdown$$00000004      0x000002ea   Section        0  libshutdown2.o(.ARM.Collect$$libshutdown$$00000004)
    .ARM.Collect$$libshutdown$$00000007      0x000002ea   Section        0  libshutdown2.o(.ARM.Collect$$libshutdown$$00000007)
    .ARM.Collect$$libshutdown$$0000000A      0x000002ea   Section        0  libshutdown2.o(.ARM.Collect$$libshutdown$$0000000A)
    .ARM.Collect$$libshutdown$$0000000C      0x000002ea   Section        0  libshutdown2.o(.ARM.Collect$$libshutdown$$0000000C)
    .ARM.Collect$$libshutdown$$0000000F      0x000002ea   Section        0  libshutdown2.o(.ARM.Collect$$libshutdown$$0000000F)
    .ARM.Collect$$libshutdown$$00000010      0x000002ea   Section        2  libshutdown2.o(.ARM.Collect$$libshutdown$$00000010)
    .ARM.Collect$$rtentry$$00000000          0x000002ec   Section        0  __rtentry.o(.ARM.Collect$$rtentry$$00000000)
    .ARM.Collect$$rtentry$$00000002          0x000002ec   Section        0  __rtentry2.o(.ARM.Collect$$rtentry$$00000002)
    .ARM.Collect$$rtentry$$00000004          0x000002ec   Section        6  __rtentry4.o(.ARM.Collect$$rtentry$$00000004)
    .ARM.Collect$$rtentry$$00000009          0x000002f2   Section        0  __rtentry2.o(.ARM.Collect$$rtentry$$00000009)
    .ARM.Collect$$rtentry$$0000000A          0x000002f2   Section        4  __rtentry2.o(.ARM.Collect$$rtentry$$0000000A)
    .ARM.Collect$$rtentry$$0000000C          0x000002f6   Section        0  __rtentry2.o(.ARM.Collect$$rtentry$$0000000C)
    .ARM.Collect$$rtentry$$0000000D          0x000002f6   Section        8  __rtentry2.o(.ARM.Collect$$rtentry$$0000000D)
    .ARM.Collect$$rtexit$$00000000           0x000002fe   Section        2  rtexit.o(.ARM.Collect$$rtexit$$00000000)
    .ARM.Collect$$rtexit$$00000002           0x00000300   Section        0  rtexit2.o(.ARM.Collect$$rtexit$$00000002)
    .ARM.Collect$$rtexit$$00000003           0x00000300   Section        4  rtexit2.o(.ARM.Collect$$rtexit$$00000003)
    .ARM.Collect$$rtexit$$00000004           0x00000304   Section        6  rtexit2.o(.ARM.Collect$$rtexit$$00000004)
    $v0                                      0x0000030c   Number         0  startup_tm4c123.o(.text)
    .text                                    0x0000030c   Section      276  startup_tm4c123.o(.text)
    .text                                    0x00000420   Section      240  lludivv7m.o(.text)
    .text                                    0x00000510   Section      138  rt_memcpy_v6.o(.text)
    .text                                    0x0000059a   Section       16  aeabi_memset4.o(.text)
    .text                                    0x000005aa   Section        0  heapauxi.o(.text)
    .text                                    0x000005b0   Section      100  rt_memcpy_w.o(.text)
    .text                                    0x00000614   Section       78  rt_memclr_w.o(.text)
    .text                                    0x00000662   Section       74  sys_stackheap_outer.o(.text)
    .text                                    0x000006ac   Section        0  exit.o(.text)
    .text                                    0x000006c0   Section        8  libspace.o(.text)
    .text                                    0x000006c8   Section        0  sys_exit.o(.text)
    .text                                    0x000006d4   Section        2  use_no_semi.o(.text)
    .text                                    0x000006d6   Section        0  indicate_semi.o(.text)
    [Anonymous Symbol]                       0x000006e0   Section        0  port.o(.text.PendSV_Handler)
    pxCurrentTCBConst                        0x00000740   Number         0  port.o(.text.PendSV_Handler)
    [Anonymous Symbol]                       0x00000750   Section        0  port.o(.text.SVC_Handler)
    pxCurrentTCBConst2                       0x00000770   Number         0  port.o(.text.SVC_Handler)
    [Anonymous Symbol]                       0x00000774   Section        0  port.o(.text.SysTick_Handler)
    [Anonymous Symbol]                       0x000007a4   Section        0  system_tm4c123.o(.text.SystemInit)
    [Anonymous Symbol]                       0x00000814   Section        0  tasks.o(.text.eTaskConfirmSleepModeStatus)
    [Anonymous Symbol]                       0x00000850   Section        0  bsp.o(.text.init_gpio)
    [Anonymous Symbol]                       0x00000880   Section        0  main.o(.text.main)
    prvAddCurrentTaskToDelayedList           0x000009a9   Thumb Code   170  tasks.o(.text.prvAddCurrentTaskToDelayedList)
    [Anonymous Symbol]                       0x000009a8   Section        0  tasks.o(.text.prvAddCurrentTaskToDelayedList)
    prvAddNewTaskToReadyList                 0x00000a55   Thumb Code   174  tasks.o(.text.prvAddNewTaskToReadyList)
    [Anonymous Symbol]                       0x00000a54   Section        0  tasks.o(.text.prvAddNewTaskToReadyList)
    prvCheckForValidListAndQueue             0x00000b05   Thumb Code    90  timers.o(.text.prvCheckForValidListAndQueue)
    [Anonymous Symbol]                       0x00000b04   Section        0  timers.o(.text.prvCheckForValidListAndQueue)
    prvCheckTasksWaitingTermination          0x00000b61   Thumb Code    78  tasks.o(.text.prvCheckTasksWaitingTermination)
    [Anonymous Symbol]                       0x00000b60   Section        0  tasks.o(.text.prvCheckTasksWaitingTermination)
    prvCopyDataFromQueue                     0x00000bb1   Thumb Code    38  queue.o(.text.prvCopyDataFromQueue)
    [Anonymous Symbol]                       0x00000bb0   Section        0  queue.o(.text.prvCopyDataFromQueue)
    prvCopyDataToQueue                       0x00000bd9   Thumb Code   122  queue.o(.text.prvCopyDataToQueue)
    [Anonymous Symbol]                       0x00000bd8   Section        0  queue.o(.text.prvCopyDataToQueue)
    prvDeleteTCB                             0x00000c55   Thumb Code    18  tasks.o(.text.prvDeleteTCB)
    [Anonymous Symbol]                       0x00000c54   Section        0  tasks.o(.text.prvDeleteTCB)
    prvGetDisinheritPriorityAfterTimeout     0x00000c69   Thumb Code    18  queue.o(.text.prvGetDisinheritPriorityAfterTimeout)
    [Anonymous Symbol]                       0x00000c68   Section        0  queue.o(.text.prvGetDisinheritPriorityAfterTimeout)
    prvGetExpectedIdleTime                   0x00000c7d   Thumb Code    68  tasks.o(.text.prvGetExpectedIdleTime)
    [Anonymous Symbol]                       0x00000c7c   Section        0  tasks.o(.text.prvGetExpectedIdleTime)
    prvGetNextExpireTime                     0x00000cc1   Thumb Code    32  timers.o(.text.prvGetNextExpireTime)
    [Anonymous Symbol]                       0x00000cc0   Section        0  timers.o(.text.prvGetNextExpireTime)
    prvIdleTask                              0x00000ce1   Thumb Code   118  tasks.o(.text.prvIdleTask)
    [Anonymous Symbol]                       0x00000ce0   Section        0  tasks.o(.text.prvIdleTask)
    prvInitialiseNewQueue                    0x00000d59   Thumb Code    36  queue.o(.text.prvInitialiseNewQueue)
    [Anonymous Symbol]                       0x00000d58   Section        0  queue.o(.text.prvInitialiseNewQueue)
    prvInitialiseNewTask                     0x00000d7d   Thumb Code   156  tasks.o(.text.prvInitialiseNewTask)
    [Anonymous Symbol]                       0x00000d7c   Section        0  tasks.o(.text.prvInitialiseNewTask)
    prvInitialiseTaskLists                   0x00000e19   Thumb Code   110  tasks.o(.text.prvInitialiseTaskLists)
    [Anonymous Symbol]                       0x00000e18   Section        0  tasks.o(.text.prvInitialiseTaskLists)
    prvInsertTimerInActiveList               0x00000e89   Thumb Code    64  timers.o(.text.prvInsertTimerInActiveList)
    [Anonymous Symbol]                       0x00000e88   Section        0  timers.o(.text.prvInsertTimerInActiveList)
    prvIsQueueEmpty                          0x00000ec9   Thumb Code    24  queue.o(.text.prvIsQueueEmpty)
    [Anonymous Symbol]                       0x00000ec8   Section        0  queue.o(.text.prvIsQueueEmpty)
    prvIsQueueFull                           0x00000ee1   Thumb Code    28  queue.o(.text.prvIsQueueFull)
    [Anonymous Symbol]                       0x00000ee0   Section        0  queue.o(.text.prvIsQueueFull)
    prvNotifyQueueSetContainer               0x00000efd   Thumb Code   118  queue.o(.text.prvNotifyQueueSetContainer)
    [Anonymous Symbol]                       0x00000efc   Section        0  queue.o(.text.prvNotifyQueueSetContainer)
    prvPortStartFirstTask                    0x00000f75   Thumb Code    34  port.o(.text.prvPortStartFirstTask)
    [Anonymous Symbol]                       0x00000f74   Section        0  port.o(.text.prvPortStartFirstTask)
    prvProcessExpiredTimer                   0x00000f9d   Thumb Code   110  timers.o(.text.prvProcessExpiredTimer)
    [Anonymous Symbol]                       0x00000f9c   Section        0  timers.o(.text.prvProcessExpiredTimer)
    prvProcessReceivedCommands               0x0000100d   Thumb Code   290  timers.o(.text.prvProcessReceivedCommands)
    [Anonymous Symbol]                       0x0000100c   Section        0  timers.o(.text.prvProcessReceivedCommands)
    prvProcessTimerOrBlockTask               0x00001131   Thumb Code   128  timers.o(.text.prvProcessTimerOrBlockTask)
    [Anonymous Symbol]                       0x00001130   Section        0  timers.o(.text.prvProcessTimerOrBlockTask)
    prvResetNextTaskUnblockTime              0x000011b1   Thumb Code    40  tasks.o(.text.prvResetNextTaskUnblockTime)
    [Anonymous Symbol]                       0x000011b0   Section        0  tasks.o(.text.prvResetNextTaskUnblockTime)
    prvSampleTimeNow                         0x000011d9   Thumb Code    42  timers.o(.text.prvSampleTimeNow)
    [Anonymous Symbol]                       0x000011d8   Section        0  timers.o(.text.prvSampleTimeNow)
    prvSwitchTimerLists                      0x00001205   Thumb Code   142  timers.o(.text.prvSwitchTimerLists)
    [Anonymous Symbol]                       0x00001204   Section        0  timers.o(.text.prvSwitchTimerLists)
    prvTaskExitError                         0x00001295   Thumb Code    50  port.o(.text.prvTaskExitError)
    [Anonymous Symbol]                       0x00001294   Section        0  port.o(.text.prvTaskExitError)
    prvTimerTask                             0x000012c9   Thumb Code    22  timers.o(.text.prvTimerTask)
    [Anonymous Symbol]                       0x000012c8   Section        0  timers.o(.text.prvTimerTask)
    prvUnlockQueue                           0x000012e1   Thumb Code   134  queue.o(.text.prvUnlockQueue)
    [Anonymous Symbol]                       0x000012e0   Section        0  queue.o(.text.prvUnlockQueue)
    [Anonymous Symbol]                       0x00001368   Section        0  heap_1.o(.text.pvPortMalloc)
    [Anonymous Symbol]                       0x000013c4   Section        0  tasks.o(.text.pvTaskIncrementMutexHeldCount)
    [Anonymous Symbol]                       0x000013dc   Section        0  port.o(.text.pxPortInitialiseStack)
    service_1                                0x00001405   Thumb Code    36  main.o(.text.service_1)
    [Anonymous Symbol]                       0x00001404   Section        0  main.o(.text.service_1)
    service_2                                0x00001429   Thumb Code    36  main.o(.text.service_2)
    [Anonymous Symbol]                       0x00001428   Section        0  main.o(.text.service_2)
    service_3                                0x0000144d   Thumb Code    36  main.o(.text.service_3)
    [Anonymous Symbol]                       0x0000144c   Section        0  main.o(.text.service_3)
    [Anonymous Symbol]                       0x00001470   Section        0  list.o(.text.uxListRemove)
    [Anonymous Symbol]                       0x00001498   Section        0  main.o(.text.vApplicationIdleHook)
    vHandlerTask                             0x000014a9   Thumb Code    26  main.o(.text.vHandlerTask)
    [Anonymous Symbol]                       0x000014a8   Section        0  main.o(.text.vHandlerTask)
    [Anonymous Symbol]                       0x000014c4   Section        0  list.o(.text.vListInitialise)
    [Anonymous Symbol]                       0x000014dc   Section        0  list.o(.text.vListInitialiseItem)
    [Anonymous Symbol]                       0x000014e4   Section        0  list.o(.text.vListInsert)
    [Anonymous Symbol]                       0x00001520   Section        0  list.o(.text.vListInsertEnd)
    vPeriodicTask                            0x0000153d   Thumb Code   180  main.o(.text.vPeriodicTask)
    [Anonymous Symbol]                       0x0000153c   Section        0  main.o(.text.vPeriodicTask)
    vPortEnableVFP                           0x000015f1   Thumb Code    14  port.o(.text.vPortEnableVFP)
    [Anonymous Symbol]                       0x000015f0   Section        0  port.o(.text.vPortEnableVFP)
    [Anonymous Symbol]                       0x00001604   Section        0  port.o(.text.vPortEnterCritical)
    [Anonymous Symbol]                       0x0000164c   Section        0  port.o(.text.vPortExitCritical)
    [Anonymous Symbol]                       0x0000167c   Section        0  heap_1.o(.text.vPortFree)
    [Anonymous Symbol]                       0x00001698   Section        0  port.o(.text.vPortSetupTimerInterrupt)
    [Anonymous Symbol]                       0x000016fc   Section        0  port.o(.text.vPortSuppressTicksAndSleep)
    [Anonymous Symbol]                       0x00001814   Section        0  port.o(.text.vPortValidateInterruptPriority)
    [Anonymous Symbol]                       0x00001878   Section        0  queue.o(.text.vQueueWaitForMessageRestricted)
    [Anonymous Symbol]                       0x000018bc   Section        0  tasks.o(.text.vTaskDelay)
    [Anonymous Symbol]                       0x00001910   Section        0  tasks.o(.text.vTaskInternalSetTimeOutState)
    [Anonymous Symbol]                       0x0000192c   Section        0  tasks.o(.text.vTaskMissedYield)
    [Anonymous Symbol]                       0x0000193c   Section        0  tasks.o(.text.vTaskPlaceOnEventList)
    [Anonymous Symbol]                       0x00001970   Section        0  tasks.o(.text.vTaskPlaceOnEventListRestricted)
    [Anonymous Symbol]                       0x000019b0   Section        0  tasks.o(.text.vTaskPriorityDisinheritAfterTimeout)
    [Anonymous Symbol]                       0x00001a6c   Section        0  tasks.o(.text.vTaskStartScheduler)
    [Anonymous Symbol]                       0x00001afc   Section        0  tasks.o(.text.vTaskStepTick)
    [Anonymous Symbol]                       0x00001b34   Section        0  tasks.o(.text.vTaskSuspendAll)
    [Anonymous Symbol]                       0x00001b44   Section        0  tasks.o(.text.vTaskSwitchContext)
    [Anonymous Symbol]                       0x00001bcc   Section        0  port.o(.text.xPortStartScheduler)
    [Anonymous Symbol]                       0x00001ce4   Section        0  queue.o(.text.xQueueGenericCreate)
    [Anonymous Symbol]                       0x00001d28   Section        0  queue.o(.text.xQueueGenericReset)
    [Anonymous Symbol]                       0x00001da8   Section        0  queue.o(.text.xQueueGenericSend)
    [Anonymous Symbol]                       0x00001f78   Section        0  queue.o(.text.xQueueGenericSendFromISR)
    [Anonymous Symbol]                       0x00002094   Section        0  queue.o(.text.xQueueReceive)
    [Anonymous Symbol]                       0x00002214   Section        0  queue.o(.text.xQueueSemaphoreTake)
    [Anonymous Symbol]                       0x000023dc   Section        0  tasks.o(.text.xTaskCheckForTimeOut)
    [Anonymous Symbol]                       0x00002480   Section        0  tasks.o(.text.xTaskCreate)
    [Anonymous Symbol]                       0x000024e0   Section        0  tasks.o(.text.xTaskGetSchedulerState)
    [Anonymous Symbol]                       0x00002508   Section        0  tasks.o(.text.xTaskGetTickCount)
    [Anonymous Symbol]                       0x00002514   Section        0  tasks.o(.text.xTaskIncrementTick)
    [Anonymous Symbol]                       0x00002678   Section        0  tasks.o(.text.xTaskPriorityDisinherit)
    [Anonymous Symbol]                       0x0000272c   Section        0  tasks.o(.text.xTaskPriorityInherit)
    [Anonymous Symbol]                       0x000027d8   Section        0  tasks.o(.text.xTaskRemoveFromEventList)
    [Anonymous Symbol]                       0x00002874   Section        0  tasks.o(.text.xTaskResumeAll)
    [Anonymous Symbol]                       0x0000298c   Section        0  timers.o(.text.xTimerCreateTimerTask)
    [Anonymous Symbol]                       0x000029ec   Section        0  timers.o(.text.xTimerGenericCommand)
    $v0                                      0x00002a54   Number         0  fpinit.o(x$fpl$fpinit)
    x$fpl$fpinit                             0x00002a54   Section       26  fpinit.o(x$fpl$fpinit)
    uxCriticalNesting                        0x20000004   Data           4  port.o(.data.uxCriticalNesting)
    [Anonymous Symbol]                       0x20000004   Section        0  port.o(.data.uxCriticalNesting)
    .bss                                     0x20000008   Section       96  libspace.o(.bss)
    prvSampleTimeNow.xLastTime               0x20000074   Data           4  timers.o(.bss.prvSampleTimeNow.xLastTime)
    [Anonymous Symbol]                       0x20000074   Section        0  timers.o(.bss.prvSampleTimeNow.xLastTime)
    pvPortMalloc.pucAlignedHeap              0x20000078   Data           4  heap_1.o(.bss.pvPortMalloc.pucAlignedHeap)
    [Anonymous Symbol]                       0x20000078   Section        0  heap_1.o(.bss.pvPortMalloc.pucAlignedHeap)
    pxCurrentTimerList                       0x20000080   Data           4  timers.o(.bss.pxCurrentTimerList)
    [Anonymous Symbol]                       0x20000080   Section        0  timers.o(.bss.pxCurrentTimerList)
    pxDelayedTaskList                        0x20000084   Data           4  tasks.o(.bss.pxDelayedTaskList)
    [Anonymous Symbol]                       0x20000084   Section        0  tasks.o(.bss.pxDelayedTaskList)
    pxOverflowDelayedTaskList                0x20000088   Data           4  tasks.o(.bss.pxOverflowDelayedTaskList)
    [Anonymous Symbol]                       0x20000088   Section        0  tasks.o(.bss.pxOverflowDelayedTaskList)
    pxOverflowTimerList                      0x2000008c   Data           4  timers.o(.bss.pxOverflowTimerList)
    [Anonymous Symbol]                       0x2000008c   Section        0  timers.o(.bss.pxOverflowTimerList)
    pxReadyTasksLists                        0x20000090   Data         100  tasks.o(.bss.pxReadyTasksLists)
    [Anonymous Symbol]                       0x20000090   Section        0  tasks.o(.bss.pxReadyTasksLists)
    ucHeap                                   0x200000f4   Data        4096  heap_1.o(.bss.ucHeap)
    [Anonymous Symbol]                       0x200000f4   Section        0  heap_1.o(.bss.ucHeap)
    ucMaxSysCallPriority                     0x200010f4   Data           1  port.o(.bss.ucMaxSysCallPriority)
    [Anonymous Symbol]                       0x200010f4   Section        0  port.o(.bss.ucMaxSysCallPriority)
    ulMaxPRIGROUPValue                       0x200010fc   Data           4  port.o(.bss.ulMaxPRIGROUPValue)
    [Anonymous Symbol]                       0x200010fc   Section        0  port.o(.bss.ulMaxPRIGROUPValue)
    ulStoppedTimerCompensation               0x20001100   Data           1  port.o(.bss.ulStoppedTimerCompensation)
    [Anonymous Symbol]                       0x20001100   Section        0  port.o(.bss.ulStoppedTimerCompensation)
    ulTimerCountsForOneTick                  0x20001104   Data           4  port.o(.bss.ulTimerCountsForOneTick)
    [Anonymous Symbol]                       0x20001104   Section        0  port.o(.bss.ulTimerCountsForOneTick)
    uxCurrentNumberOfTasks                   0x20001108   Data           4  tasks.o(.bss.uxCurrentNumberOfTasks)
    [Anonymous Symbol]                       0x20001108   Section        0  tasks.o(.bss.uxCurrentNumberOfTasks)
    uxDeletedTasksWaitingCleanUp             0x2000110c   Data           4  tasks.o(.bss.uxDeletedTasksWaitingCleanUp)
    [Anonymous Symbol]                       0x2000110c   Section        0  tasks.o(.bss.uxDeletedTasksWaitingCleanUp)
    uxSchedulerSuspended                     0x20001110   Data           4  tasks.o(.bss.uxSchedulerSuspended)
    [Anonymous Symbol]                       0x20001110   Section        0  tasks.o(.bss.uxSchedulerSuspended)
    uxTaskNumber                             0x20001114   Data           4  tasks.o(.bss.uxTaskNumber)
    [Anonymous Symbol]                       0x20001114   Section        0  tasks.o(.bss.uxTaskNumber)
    uxTopReadyPriority                       0x20001118   Data           4  tasks.o(.bss.uxTopReadyPriority)
    [Anonymous Symbol]                       0x20001118   Section        0  tasks.o(.bss.uxTopReadyPriority)
    xActiveTimerList1                        0x2000111c   Data          20  timers.o(.bss.xActiveTimerList1)
    [Anonymous Symbol]                       0x2000111c   Section        0  timers.o(.bss.xActiveTimerList1)
    xActiveTimerList2                        0x20001130   Data          20  timers.o(.bss.xActiveTimerList2)
    [Anonymous Symbol]                       0x20001130   Section        0  timers.o(.bss.xActiveTimerList2)
    xDelayedTaskList1                        0x20001148   Data          20  tasks.o(.bss.xDelayedTaskList1)
    [Anonymous Symbol]                       0x20001148   Section        0  tasks.o(.bss.xDelayedTaskList1)
    xDelayedTaskList2                        0x2000115c   Data          20  tasks.o(.bss.xDelayedTaskList2)
    [Anonymous Symbol]                       0x2000115c   Section        0  tasks.o(.bss.xDelayedTaskList2)
    xIdleTaskHandle                          0x20001170   Data           4  tasks.o(.bss.xIdleTaskHandle)
    [Anonymous Symbol]                       0x20001170   Section        0  tasks.o(.bss.xIdleTaskHandle)
    xMaximumPossibleSuppressedTicks          0x20001174   Data           4  port.o(.bss.xMaximumPossibleSuppressedTicks)
    [Anonymous Symbol]                       0x20001174   Section        0  port.o(.bss.xMaximumPossibleSuppressedTicks)
    xNextFreeByte                            0x20001178   Data           4  heap_1.o(.bss.xNextFreeByte)
    [Anonymous Symbol]                       0x20001178   Section        0  heap_1.o(.bss.xNextFreeByte)
    xNextTaskUnblockTime                     0x2000117c   Data           4  tasks.o(.bss.xNextTaskUnblockTime)
    [Anonymous Symbol]                       0x2000117c   Section        0  tasks.o(.bss.xNextTaskUnblockTime)
    xNumOfOverflows                          0x20001180   Data           4  tasks.o(.bss.xNumOfOverflows)
    [Anonymous Symbol]                       0x20001180   Section        0  tasks.o(.bss.xNumOfOverflows)
    xPendedTicks                             0x20001184   Data           4  tasks.o(.bss.xPendedTicks)
    [Anonymous Symbol]                       0x20001184   Section        0  tasks.o(.bss.xPendedTicks)
    xPendingReadyList                        0x20001188   Data          20  tasks.o(.bss.xPendingReadyList)
    [Anonymous Symbol]                       0x20001188   Section        0  tasks.o(.bss.xPendingReadyList)
    xSchedulerRunning                        0x2000119c   Data           4  tasks.o(.bss.xSchedulerRunning)
    [Anonymous Symbol]                       0x2000119c   Section        0  tasks.o(.bss.xSchedulerRunning)
    xSuspendedTaskList                       0x200011a0   Data          20  tasks.o(.bss.xSuspendedTaskList)
    [Anonymous Symbol]                       0x200011a0   Section        0  tasks.o(.bss.xSuspendedTaskList)
    xTasksWaitingTermination                 0x200011b4   Data          20  tasks.o(.bss.xTasksWaitingTermination)
    [Anonymous Symbol]                       0x200011b4   Section        0  tasks.o(.bss.xTasksWaitingTermination)
    xTickCount                               0x200011c8   Data           4  tasks.o(.bss.xTickCount)
    [Anonymous Symbol]                       0x200011c8   Section        0  tasks.o(.bss.xTickCount)
    xTimerQueue                              0x200011cc   Data           4  timers.o(.bss.xTimerQueue)
    [Anonymous Symbol]                       0x200011cc   Section        0  timers.o(.bss.xTimerQueue)
    xTimerTaskHandle                         0x200011d0   Data           4  timers.o(.bss.xTimerTaskHandle)
    [Anonymous Symbol]                       0x200011d0   Section        0  timers.o(.bss.xTimerTaskHandle)
    xYieldPending                            0x200011d4   Data           4  tasks.o(.bss.xYieldPending)
    [Anonymous Symbol]                       0x200011d4   Section        0  tasks.o(.bss.xYieldPending)
    Heap_Mem                                 0x200011d8   Data           0  startup_tm4c123.o(HEAP)
    Stack_Mem                                0x200011d8   Data         512  startup_tm4c123.o(STACK)
    HEAP                                     0x200011d8   Section        0  startup_tm4c123.o(HEAP)
    STACK                                    0x200011d8   Section      512  startup_tm4c123.o(STACK)
    __initial_sp                             0x200013d8   Data           0  startup_tm4c123.o(STACK)

    Global Symbols

    Symbol Name                              Value     Ov Type        Size  Object(Section)

    BuildAttributes$$THM_ISAv4$E$P$D$K$B$S$7EM$VFPi3$EXTD16$VFPS$VFMA$PE$A:L22UL41UL21$X:L11$S22US41US21$IEEE1$IW$~IW$USESV6$~STKCKD$USESV7$~SHL$OTIME$ROPI$EBA8$UX$STANDARDLIB$REQ8$PRES8$EABIv2 0x00000000   Number         0  anon$$obj.o ABSOLUTE
    __Vectors                                0x00000000   Data           4  startup_tm4c123.o(RESET)
    __ARM_exceptions_init                     - Undefined Weak Reference
    __alloca_initialize                       - Undefined Weak Reference
    __arm_preinit_                            - Undefined Weak Reference
    __cpp_initialize__aeabi_                  - Undefined Weak Reference
    __cxa_finalize                            - Undefined Weak Reference
    __rt_locale                               - Undefined Weak Reference
    __sigvec_lookup                           - Undefined Weak Reference
    _atexit_init                              - Undefined Weak Reference
    _call_atexit_fns                          - Undefined Weak Reference
    _clock_init                               - Undefined Weak Reference
    _fp_trap_init                             - Undefined Weak Reference
    _fp_trap_shutdown                         - Undefined Weak Reference
    _get_lc_collate                           - Undefined Weak Reference
    _get_lc_ctype                             - Undefined Weak Reference
    _get_lc_monetary                          - Undefined Weak Reference
    _get_lc_numeric                           - Undefined Weak Reference
    _get_lc_time                              - Undefined Weak Reference
    _getenv_init                              - Undefined Weak Reference
    _handle_redirection                       - Undefined Weak Reference
    _init_alloc                               - Undefined Weak Reference
    _init_user_alloc                          - Undefined Weak Reference
    _initio                                   - Undefined Weak Reference
    _rand_init                                - Undefined Weak Reference
    _signal_finish                            - Undefined Weak Reference
    _signal_init                              - Undefined Weak Reference
    _terminate_alloc                          - Undefined Weak Reference
    _terminate_user_alloc                     - Undefined Weak Reference
    _terminateio                              - Undefined Weak Reference
    __Vectors_End                            0x0000026c   Data           0  startup_tm4c123.o(RESET)
    __Vectors_Size                           0x0000026c   Number         0  startup_tm4c123.o ABSOLUTE
    __main                                   0x0000026d   Thumb Code     8  __main.o(!!!main)
    __scatterload                            0x00000275   Thumb Code     0  __scatter.o(!!!scatter)
    __scatterload_rt2                        0x00000275   Thumb Code    44  __scatter.o(!!!scatter)
    __scatterload_rt2_thumb_only             0x00000275   Thumb Code     0  __scatter.o(!!!scatter)
    __scatterload_null                       0x00000283   Thumb Code     0  __scatter.o(!!!scatter)
    __scatterload_copy                       0x000002a9   Thumb Code    26  __scatter_copy.o(!!handler_copy)
    __scatterload_zeroinit                   0x000002c5   Thumb Code    28  __scatter_zi.o(!!handler_zi)
    __rt_lib_init                            0x000002e1   Thumb Code     0  libinit.o(.ARM.Collect$$libinit$$00000000)
    __rt_lib_init_fp_1                       0x000002e3   Thumb Code     0  libinit2.o(.ARM.Collect$$libinit$$00000001)
    __rt_lib_init_alloca_1                   0x000002e7   Thumb Code     0  libinit2.o(.ARM.Collect$$libinit$$0000002E)
    __rt_lib_init_argv_1                     0x000002e7   Thumb Code     0  libinit2.o(.ARM.Collect$$libinit$$0000002C)
    __rt_lib_init_atexit_1                   0x000002e7   Thumb Code     0  libinit2.o(.ARM.Collect$$libinit$$0000001B)
    __rt_lib_init_clock_1                    0x000002e7   Thumb Code     0  libinit2.o(.ARM.Collect$$libinit$$00000021)
    __rt_lib_init_cpp_1                      0x000002e7   Thumb Code     0  libinit2.o(.ARM.Collect$$libinit$$00000032)
    __rt_lib_init_exceptions_1               0x000002e7   Thumb Code     0  libinit2.o(.ARM.Collect$$libinit$$00000030)
    __rt_lib_init_fp_trap_1                  0x000002e7   Thumb Code     0  libinit2.o(.ARM.Collect$$libinit$$0000001F)
    __rt_lib_init_getenv_1                   0x000002e7   Thumb Code     0  libinit2.o(.ARM.Collect$$libinit$$00000023)
    __rt_lib_init_heap_1                     0x000002e7   Thumb Code     0  libinit2.o(.ARM.Collect$$libinit$$0000000A)
    __rt_lib_init_lc_collate_1               0x000002e7   Thumb Code     0  libinit2.o(.ARM.Collect$$libinit$$00000011)
    __rt_lib_init_lc_ctype_1                 0x000002e7   Thumb Code     0  libinit2.o(.ARM.Collect$$libinit$$00000013)
    __rt_lib_init_lc_monetary_1              0x000002e7   Thumb Code     0  libinit2.o(.ARM.Collect$$libinit$$00000015)
    __rt_lib_init_lc_numeric_1               0x000002e7   Thumb Code     0  libinit2.o(.ARM.Collect$$libinit$$00000017)
    __rt_lib_init_lc_time_1                  0x000002e7   Thumb Code     0  libinit2.o(.ARM.Collect$$libinit$$00000019)
    __rt_lib_init_preinit_1                  0x000002e7   Thumb Code     0  libinit2.o(.ARM.Collect$$libinit$$00000004)
    __rt_lib_init_rand_1                     0x000002e7   Thumb Code     0  libinit2.o(.ARM.Collect$$libinit$$0000000E)
    __rt_lib_init_return                     0x000002e7   Thumb Code     0  libinit2.o(.ARM.Collect$$libinit$$00000033)
    __rt_lib_init_signal_1                   0x000002e7   Thumb Code     0  libinit2.o(.ARM.Collect$$libinit$$0000001D)
    __rt_lib_init_stdio_1                    0x000002e7   Thumb Code     0  libinit2.o(.ARM.Collect$$libinit$$00000025)
    __rt_lib_init_user_alloc_1               0x000002e7   Thumb Code     0  libinit2.o(.ARM.Collect$$libinit$$0000000C)
    __rt_lib_shutdown                        0x000002e9   Thumb Code     0  libshutdown.o(.ARM.Collect$$libshutdown$$00000000)
    __rt_lib_shutdown_cpp_1                  0x000002eb   Thumb Code     0  libshutdown2.o(.ARM.Collect$$libshutdown$$00000002)
    __rt_lib_shutdown_fp_trap_1              0x000002eb   Thumb Code     0  libshutdown2.o(.ARM.Collect$$libshutdown$$00000007)
    __rt_lib_shutdown_heap_1                 0x000002eb   Thumb Code     0  libshutdown2.o(.ARM.Collect$$libshutdown$$0000000F)
    __rt_lib_shutdown_return                 0x000002eb   Thumb Code     0  libshutdown2.o(.ARM.Collect$$libshutdown$$00000010)
    __rt_lib_shutdown_signal_1               0x000002eb   Thumb Code     0  libshutdown2.o(.ARM.Collect$$libshutdown$$0000000A)
    __rt_lib_shutdown_stdio_1                0x000002eb   Thumb Code     0  libshutdown2.o(.ARM.Collect$$libshutdown$$00000004)
    __rt_lib_shutdown_user_alloc_1           0x000002eb   Thumb Code     0  libshutdown2.o(.ARM.Collect$$libshutdown$$0000000C)
    __rt_entry                               0x000002ed   Thumb Code     0  __rtentry.o(.ARM.Collect$$rtentry$$00000000)
    __rt_entry_presh_1                       0x000002ed   Thumb Code     0  __rtentry2.o(.ARM.Collect$$rtentry$$00000002)
    __rt_entry_sh                            0x000002ed   Thumb Code     0  __rtentry4.o(.ARM.Collect$$rtentry$$00000004)
    __rt_entry_li                            0x000002f3   Thumb Code     0  __rtentry2.o(.ARM.Collect$$rtentry$$0000000A)
    __rt_entry_postsh_1                      0x000002f3   Thumb Code     0  __rtentry2.o(.ARM.Collect$$rtentry$$00000009)
    __rt_entry_main                          0x000002f7   Thumb Code     0  __rtentry2.o(.ARM.Collect$$rtentry$$0000000D)
    __rt_entry_postli_1                      0x000002f7   Thumb Code     0  __rtentry2.o(.ARM.Collect$$rtentry$$0000000C)
    __rt_exit                                0x000002ff   Thumb Code     0  rtexit.o(.ARM.Collect$$rtexit$$00000000)
    __rt_exit_ls                             0x00000301   Thumb Code     0  rtexit2.o(.ARM.Collect$$rtexit$$00000003)
    __rt_exit_prels_1                        0x00000301   Thumb Code     0  rtexit2.o(.ARM.Collect$$rtexit$$00000002)
    __rt_exit_exit                           0x00000305   Thumb Code     0  rtexit2.o(.ARM.Collect$$rtexit$$00000004)
    Reset_Handler                            0x0000030d   Thumb Code     8  startup_tm4c123.o(.text)
    NMI_Handler                              0x00000315   Thumb Code     2  startup_tm4c123.o(.text)
    HardFault_Handler                        0x00000317   Thumb Code     2  startup_tm4c123.o(.text)
    MemManage_Handler                        0x00000319   Thumb Code     2  startup_tm4c123.o(.text)
    BusFault_Handler                         0x0000031b   Thumb Code     2  startup_tm4c123.o(.text)
    UsageFault_Handler                       0x0000031d   Thumb Code     2  startup_tm4c123.o(.text)
    DebugMon_Handler                         0x00000321   Thumb Code     2  startup_tm4c123.o(.text)
    GPIOA_Handler                            0x00000327   Thumb Code     2  startup_tm4c123.o(.text)
    GPIOB_Handler                            0x00000329   Thumb Code     2  startup_tm4c123.o(.text)
    GPIOC_Handler                            0x0000032b   Thumb Code     2  startup_tm4c123.o(.text)
    GPIOD_Handler                            0x0000032d   Thumb Code     2  startup_tm4c123.o(.text)
    GPIOE_Handler                            0x0000032f   Thumb Code     2  startup_tm4c123.o(.text)
    UART0_Handler                            0x00000331   Thumb Code     2  startup_tm4c123.o(.text)
    UART1_Handler                            0x00000333   Thumb Code     2  startup_tm4c123.o(.text)
    SSI0_Handler                             0x00000335   Thumb Code     2  startup_tm4c123.o(.text)
    I2C0_Handler                             0x00000337   Thumb Code     2  startup_tm4c123.o(.text)
    PMW0_FAULT_Handler                       0x00000339   Thumb Code     2  startup_tm4c123.o(.text)
    PWM0_0_Handler                           0x0000033b   Thumb Code     2  startup_tm4c123.o(.text)
    PWM0_1_Handler                           0x0000033d   Thumb Code     2  startup_tm4c123.o(.text)
    PWM0_2_Handler                           0x0000033f   Thumb Code     2  startup_tm4c123.o(.text)
    QEI0_Handler                             0x00000341   Thumb Code     2  startup_tm4c123.o(.text)
    ADC0SS0_Handler                          0x00000343   Thumb Code     2  startup_tm4c123.o(.text)
    ADC0SS1_Handler                          0x00000345   Thumb Code     2  startup_tm4c123.o(.text)
    ADC0SS2_Handler                          0x00000347   Thumb Code     2  startup_tm4c123.o(.text)
    ADC0SS3_Handler                          0x00000349   Thumb Code     2  startup_tm4c123.o(.text)
    WDT0_Handler                             0x0000034b   Thumb Code     2  startup_tm4c123.o(.text)
    TIMER0A_Handler                          0x0000034d   Thumb Code     2  startup_tm4c123.o(.text)
    TIMER0B_Handler                          0x0000034f   Thumb Code     2  startup_tm4c123.o(.text)
    TIMER1A_Handler                          0x00000351   Thumb Code     2  startup_tm4c123.o(.text)
    TIMER1B_Handler                          0x00000353   Thumb Code     2  startup_tm4c123.o(.text)
    TIMER2A_Handler                          0x00000355   Thumb Code     2  startup_tm4c123.o(.text)
    TIMER2B_Handler                          0x00000357   Thumb Code     2  startup_tm4c123.o(.text)
    COMP0_Handler                            0x00000359   Thumb Code     2  startup_tm4c123.o(.text)
    COMP1_Handler                            0x0000035b   Thumb Code     2  startup_tm4c123.o(.text)
    COMP2_Handler                            0x0000035d   Thumb Code     2  startup_tm4c123.o(.text)
    SYSCTL_Handler                           0x0000035f   Thumb Code     2  startup_tm4c123.o(.text)
    FLASH_Handler                            0x00000361   Thumb Code     2  startup_tm4c123.o(.text)
    GPIOF_Handler                            0x00000363   Thumb Code     2  startup_tm4c123.o(.text)
    GPIOG_Handler                            0x00000365   Thumb Code     2  startup_tm4c123.o(.text)
    GPIOH_Handler                            0x00000367   Thumb Code     2  startup_tm4c123.o(.text)
    UART2_Handler                            0x00000369   Thumb Code     2  startup_tm4c123.o(.text)
    SSI1_Handler                             0x0000036b   Thumb Code     2  startup_tm4c123.o(.text)
    TIMER3A_Handler                          0x0000036d   Thumb Code     2  startup_tm4c123.o(.text)
    TIMER3B_Handler                          0x0000036f   Thumb Code     2  startup_tm4c123.o(.text)
    I2C1_Handler                             0x00000371   Thumb Code     2  startup_tm4c123.o(.text)
    QEI1_Handler                             0x00000373   Thumb Code     2  startup_tm4c123.o(.text)
    CAN0_Handler                             0x00000375   Thumb Code     2  startup_tm4c123.o(.text)
    CAN1_Handler                             0x00000377   Thumb Code     2  startup_tm4c123.o(.text)
    CAN2_Handler                             0x00000379   Thumb Code     2  startup_tm4c123.o(.text)
    HIB_Handler                              0x0000037b   Thumb Code     2  startup_tm4c123.o(.text)
    USB0_Handler                             0x0000037d   Thumb Code     2  startup_tm4c123.o(.text)
    PWM0_3_Handler                           0x0000037f   Thumb Code     2  startup_tm4c123.o(.text)
    UDMA_Handler                             0x00000381   Thumb Code     2  startup_tm4c123.o(.text)
    UDMAERR_Handler                          0x00000383   Thumb Code     2  startup_tm4c123.o(.text)
    ADC1SS0_Handler                          0x00000385   Thumb Code     2  startup_tm4c123.o(.text)
    ADC1SS1_Handler                          0x00000387   Thumb Code     2  startup_tm4c123.o(.text)
    ADC1SS2_Handler                          0x00000389   Thumb Code     2  startup_tm4c123.o(.text)
    ADC1SS3_Handler                          0x0000038b   Thumb Code     2  startup_tm4c123.o(.text)
    GPIOJ_Handler                            0x0000038d   Thumb Code     2  startup_tm4c123.o(.text)
    GPIOK_Handler                            0x0000038f   Thumb Code     2  startup_tm4c123.o(.text)
    GPIOL_Handler                            0x00000391   Thumb Code     2  startup_tm4c123.o(.text)
    SSI2_Handler                             0x00000393   Thumb Code     2  startup_tm4c123.o(.text)
    SSI3_Handler                             0x00000395   Thumb Code     2  startup_tm4c123.o(.text)
    UART3_Handler                            0x00000397   Thumb Code     2  startup_tm4c123.o(.text)
    UART4_Handler                            0x00000399   Thumb Code     2  startup_tm4c123.o(.text)
    UART5_Handler                            0x0000039b   Thumb Code     2  startup_tm4c123.o(.text)
    UART6_Handler                            0x0000039d   Thumb Code     2  startup_tm4c123.o(.text)
    UART7_Handler                            0x0000039f   Thumb Code     2  startup_tm4c123.o(.text)
    I2C2_Handler                             0x000003a1   Thumb Code     2  startup_tm4c123.o(.text)
    I2C3_Handler                             0x000003a3   Thumb Code     2  startup_tm4c123.o(.text)
    TIMER4A_Handler                          0x000003a5   Thumb Code     2  startup_tm4c123.o(.text)
    TIMER4B_Handler                          0x000003a7   Thumb Code     2  startup_tm4c123.o(.text)
    TIMER5A_Handler                          0x000003a9   Thumb Code     2  startup_tm4c123.o(.text)
    TIMER5B_Handler                          0x000003ab   Thumb Code     2  startup_tm4c123.o(.text)
    WTIMER0A_Handler                         0x000003ad   Thumb Code     2  startup_tm4c123.o(.text)
    WTIMER0B_Handler                         0x000003af   Thumb Code     2  startup_tm4c123.o(.text)
    WTIMER1A_Handler                         0x000003b1   Thumb Code     2  startup_tm4c123.o(.text)
    WTIMER1B_Handler                         0x000003b3   Thumb Code     2  startup_tm4c123.o(.text)
    WTIMER2A_Handler                         0x000003b5   Thumb Code     2  startup_tm4c123.o(.text)
    WTIMER2B_Handler                         0x000003b7   Thumb Code     2  startup_tm4c123.o(.text)
    WTIMER3A_Handler                         0x000003b9   Thumb Code     2  startup_tm4c123.o(.text)
    WTIMER3B_Handler                         0x000003bb   Thumb Code     2  startup_tm4c123.o(.text)
    WTIMER4A_Handler                         0x000003bd   Thumb Code     2  startup_tm4c123.o(.text)
    WTIMER4B_Handler                         0x000003bf   Thumb Code     2  startup_tm4c123.o(.text)
    WTIMER5A_Handler                         0x000003c1   Thumb Code     2  startup_tm4c123.o(.text)
    WTIMER5B_Handler                         0x000003c3   Thumb Code     2  startup_tm4c123.o(.text)
    FPU_Handler                              0x000003c5   Thumb Code     2  startup_tm4c123.o(.text)
    I2C4_Handler                             0x000003c7   Thumb Code     2  startup_tm4c123.o(.text)
    I2C5_Handler                             0x000003c9   Thumb Code     2  startup_tm4c123.o(.text)
    GPIOM_Handler                            0x000003cb   Thumb Code     2  startup_tm4c123.o(.text)
    GPION_Handler                            0x000003cd   Thumb Code     2  startup_tm4c123.o(.text)
    QEI2_Handler                             0x000003cf   Thumb Code     2  startup_tm4c123.o(.text)
    GPIOP0_Handler                           0x000003d1   Thumb Code     2  startup_tm4c123.o(.text)
    GPIOP1_Handler                           0x000003d3   Thumb Code     2  startup_tm4c123.o(.text)
    GPIOP2_Handler                           0x000003d5   Thumb Code     2  startup_tm4c123.o(.text)
    GPIOP3_Handler                           0x000003d7   Thumb Code     2  startup_tm4c123.o(.text)
    GPIOP4_Handler                           0x000003d9   Thumb Code     2  startup_tm4c123.o(.text)
    GPIOP5_Handler                           0x000003db   Thumb Code     2  startup_tm4c123.o(.text)
    GPIOP6_Handler                           0x000003dd   Thumb Code     2  startup_tm4c123.o(.text)
    GPIOP7_Handler                           0x000003df   Thumb Code     2  startup_tm4c123.o(.text)
    GPIOQ0_Handler                           0x000003e1   Thumb Code     2  startup_tm4c123.o(.text)
    GPIOQ1_Handler                           0x000003e3   Thumb Code     2  startup_tm4c123.o(.text)
    GPIOQ2_Handler                           0x000003e5   Thumb Code     2  startup_tm4c123.o(.text)
    GPIOQ3_Handler                           0x000003e7   Thumb Code     2  startup_tm4c123.o(.text)
    GPIOQ4_Handler                           0x000003e9   Thumb Code     2  startup_tm4c123.o(.text)
    GPIOQ5_Handler                           0x000003eb   Thumb Code     2  startup_tm4c123.o(.text)
    GPIOQ6_Handler                           0x000003ed   Thumb Code     2  startup_tm4c123.o(.text)
    GPIOQ7_Handler                           0x000003ef   Thumb Code     2  startup_tm4c123.o(.text)
    GPIOR_Handler                            0x000003f1   Thumb Code     2  startup_tm4c123.o(.text)
    GPIOS_Handler                            0x000003f3   Thumb Code     2  startup_tm4c123.o(.text)
    PMW1_0_Handler                           0x000003f5   Thumb Code     2  startup_tm4c123.o(.text)
    PWM1_1_Handler                           0x000003f7   Thumb Code     2  startup_tm4c123.o(.text)
    PWM1_2_Handler                           0x000003f9   Thumb Code     2  startup_tm4c123.o(.text)
    PWM1_3_Handler                           0x000003fb   Thumb Code     2  startup_tm4c123.o(.text)
    PWM1_FAULT_Handler                       0x000003fd   Thumb Code     2  startup_tm4c123.o(.text)
    __user_initial_stackheap                 0x00000401   Thumb Code     0  startup_tm4c123.o(.text)
    __aeabi_uldivmod                         0x00000421   Thumb Code     0  lludivv7m.o(.text)
    _ll_udiv                                 0x00000421   Thumb Code   240  lludivv7m.o(.text)
    __aeabi_memcpy                           0x00000511   Thumb Code     0  rt_memcpy_v6.o(.text)
    __rt_memcpy                              0x00000511   Thumb Code   138  rt_memcpy_v6.o(.text)
    _memcpy_lastbytes                        0x00000577   Thumb Code     0  rt_memcpy_v6.o(.text)
    __aeabi_memset4                          0x0000059b   Thumb Code    16  aeabi_memset4.o(.text)
    __aeabi_memset8                          0x0000059b   Thumb Code     0  aeabi_memset4.o(.text)
    __use_two_region_memory                  0x000005ab   Thumb Code     2  heapauxi.o(.text)
    __rt_heap_escrow$2region                 0x000005ad   Thumb Code     2  heapauxi.o(.text)
    __rt_heap_expand$2region                 0x000005af   Thumb Code     2  heapauxi.o(.text)
    __aeabi_memcpy4                          0x000005b1   Thumb Code     0  rt_memcpy_w.o(.text)
    __aeabi_memcpy8                          0x000005b1   Thumb Code     0  rt_memcpy_w.o(.text)
    __rt_memcpy_w                            0x000005b1   Thumb Code   100  rt_memcpy_w.o(.text)
    _memcpy_lastbytes_aligned                0x000005f9   Thumb Code     0  rt_memcpy_w.o(.text)
    __aeabi_memclr4                          0x00000615   Thumb Code     0  rt_memclr_w.o(.text)
    __aeabi_memclr8                          0x00000615   Thumb Code     0  rt_memclr_w.o(.text)
    __rt_memclr_w                            0x00000615   Thumb Code    78  rt_memclr_w.o(.text)
    _memset_w                                0x00000619   Thumb Code     0  rt_memclr_w.o(.text)
    __user_setup_stackheap                   0x00000663   Thumb Code    74  sys_stackheap_outer.o(.text)
    exit                                     0x000006ad   Thumb Code    18  exit.o(.text)
    __user_libspace                          0x000006c1   Thumb Code     8  libspace.o(.text)
    __user_perproc_libspace                  0x000006c1   Thumb Code     0  libspace.o(.text)
    __user_perthread_libspace                0x000006c1   Thumb Code     0  libspace.o(.text)
    _sys_exit                                0x000006c9   Thumb Code     8  sys_exit.o(.text)
    __I$use$semihosting                      0x000006d5   Thumb Code     0  use_no_semi.o(.text)
    __use_no_semihosting_swi                 0x000006d5   Thumb Code     2  use_no_semi.o(.text)
    __semihosting_library_function           0x000006d7   Thumb Code     0  indicate_semi.o(.text)
    PendSV_Handler                           0x000006e1   Thumb Code   100  port.o(.text.PendSV_Handler)
    SVC_Handler                              0x00000751   Thumb Code    36  port.o(.text.SVC_Handler)
    SysTick_Handler                          0x00000775   Thumb Code    46  port.o(.text.SysTick_Handler)
    SystemInit                               0x000007a5   Thumb Code   112  system_tm4c123.o(.text.SystemInit)
    eTaskConfirmSleepModeStatus              0x00000815   Thumb Code    60  tasks.o(.text.eTaskConfirmSleepModeStatus)
    init_gpio                                0x00000851   Thumb Code    46  bsp.o(.text.init_gpio)
    main                                     0x00000881   Thumb Code   296  main.o(.text.main)
    pvPortMalloc                             0x00001369   Thumb Code    90  heap_1.o(.text.pvPortMalloc)
    pvTaskIncrementMutexHeldCount            0x000013c5   Thumb Code    24  tasks.o(.text.pvTaskIncrementMutexHeldCount)
    pxPortInitialiseStack                    0x000013dd   Thumb Code    40  port.o(.text.pxPortInitialiseStack)
    uxListRemove                             0x00001471   Thumb Code    40  list.o(.text.uxListRemove)
    vApplicationIdleHook                     0x00001499   Thumb Code    16  main.o(.text.vApplicationIdleHook)
    vListInitialise                          0x000014c5   Thumb Code    22  list.o(.text.vListInitialise)
    vListInitialiseItem                      0x000014dd   Thumb Code     6  list.o(.text.vListInitialiseItem)
    vListInsert                              0x000014e5   Thumb Code    58  list.o(.text.vListInsert)
    vListInsertEnd                           0x00001521   Thumb Code    28  list.o(.text.vListInsertEnd)
    vPortEnterCritical                       0x00001605   Thumb Code    70  port.o(.text.vPortEnterCritical)
    vPortExitCritical                        0x0000164d   Thumb Code    46  port.o(.text.vPortExitCritical)
    vPortFree                                0x0000167d   Thumb Code    26  heap_1.o(.text.vPortFree)
    vPortSetupTimerInterrupt                 0x00001699   Thumb Code   100  port.o(.text.vPortSetupTimerInterrupt)
    vPortSuppressTicksAndSleep               0x000016fd   Thumb Code   278  port.o(.text.vPortSuppressTicksAndSleep)
    vPortValidateInterruptPriority           0x00001815   Thumb Code    98  port.o(.text.vPortValidateInterruptPriority)
    vQueueWaitForMessageRestricted           0x00001879   Thumb Code    68  queue.o(.text.vQueueWaitForMessageRestricted)
    vTaskDelay                               0x000018bd   Thumb Code    84  tasks.o(.text.vTaskDelay)
    vTaskInternalSetTimeOutState             0x00001911   Thumb Code    26  tasks.o(.text.vTaskInternalSetTimeOutState)
    vTaskMissedYield                         0x0000192d   Thumb Code    14  tasks.o(.text.vTaskMissedYield)
    vTaskPlaceOnEventList                    0x0000193d   Thumb Code    50  tasks.o(.text.vTaskPlaceOnEventList)
    vTaskPlaceOnEventListRestricted          0x00001971   Thumb Code    62  tasks.o(.text.vTaskPlaceOnEventListRestricted)
    vTaskPriorityDisinheritAfterTimeout      0x000019b1   Thumb Code   186  tasks.o(.text.vTaskPriorityDisinheritAfterTimeout)
    vTaskStartScheduler                      0x00001a6d   Thumb Code   144  tasks.o(.text.vTaskStartScheduler)
    vTaskStepTick                            0x00001afd   Thumb Code    54  tasks.o(.text.vTaskStepTick)
    vTaskSuspendAll                          0x00001b35   Thumb Code    16  tasks.o(.text.vTaskSuspendAll)
    vTaskSwitchContext                       0x00001b45   Thumb Code   134  tasks.o(.text.vTaskSwitchContext)
    xPortStartScheduler                      0x00001bcd   Thumb Code   278  port.o(.text.xPortStartScheduler)
    xQueueGenericCreate                      0x00001ce5   Thumb Code    66  queue.o(.text.xQueueGenericCreate)
    xQueueGenericReset                       0x00001d29   Thumb Code   126  queue.o(.text.xQueueGenericReset)
    xQueueGenericSend                        0x00001da9   Thumb Code   464  queue.o(.text.xQueueGenericSend)
    xQueueGenericSendFromISR                 0x00001f79   Thumb Code   282  queue.o(.text.xQueueGenericSendFromISR)
    xQueueReceive                            0x00002095   Thumb Code   384  queue.o(.text.xQueueReceive)
    xQueueSemaphoreTake                      0x00002215   Thumb Code   454  queue.o(.text.xQueueSemaphoreTake)
    xTaskCheckForTimeOut                     0x000023dd   Thumb Code   162  tasks.o(.text.xTaskCheckForTimeOut)
    xTaskCreate                              0x00002481   Thumb Code    96  tasks.o(.text.xTaskCreate)
    xTaskGetSchedulerState                   0x000024e1   Thumb Code    38  tasks.o(.text.xTaskGetSchedulerState)
    xTaskGetTickCount                        0x00002509   Thumb Code    12  tasks.o(.text.xTaskGetTickCount)
    xTaskIncrementTick                       0x00002515   Thumb Code   356  tasks.o(.text.xTaskIncrementTick)
    xTaskPriorityDisinherit                  0x00002679   Thumb Code   178  tasks.o(.text.xTaskPriorityDisinherit)
    xTaskPriorityInherit                     0x0000272d   Thumb Code   170  tasks.o(.text.xTaskPriorityInherit)
    xTaskRemoveFromEventList                 0x000027d9   Thumb Code   156  tasks.o(.text.xTaskRemoveFromEventList)
    xTaskResumeAll                           0x00002875   Thumb Code   280  tasks.o(.text.xTaskResumeAll)
    xTimerCreateTimerTask                    0x0000298d   Thumb Code    96  timers.o(.text.xTimerCreateTimerTask)
    xTimerGenericCommand                     0x000029ed   Thumb Code   104  timers.o(.text.xTimerGenericCommand)
    _fp_init                                 0x00002a55   Thumb Code    26  fpinit.o(x$fpl$fpinit)
    __fplib_config_fpu_vfp                   0x00002a6d   Thumb Code     0  fpinit.o(x$fpl$fpinit)
    __fplib_config_pureend_doubles           0x00002a6d   Thumb Code     0  fpinit.o(x$fpl$fpinit)
    Region$$Table$$Base                      0x00002a70   Number         0  anon$$obj.o(Region$$Table)
    Region$$Table$$Limit                     0x00002a90   Number         0  anon$$obj.o(Region$$Table)
    SystemCoreClock                          0x20000000   Data           4  system_tm4c123.o(.data.SystemCoreClock)
    __libspace_start                         0x20000008   Data          96  libspace.o(.bss)
    Sem1                                     0x20000068   Data           4  main.o(.bss.Sem1)
    __temporary_stack_top$libspace           0x20000068   Data           0  libspace.o(.bss)
    Sem2                                     0x2000006c   Data           4  main.o(.bss.Sem2)
    Sem3                                     0x20000070   Data           4  main.o(.bss.Sem3)
    pxCurrentTCB                             0x2000007c   Data           4  tasks.o(.bss.pxCurrentTCB)
    ulIdleCycleCount                         0x200010f8   Data           4  main.o(.bss.ulIdleCycleCount)
    xBinarySemaphore                         0x20001144   Data           4  main.o(.bss.xBinarySemaphore)



==============================================================================

Memory Map of the image

  Image Entry point : 0x0000026d

  Load Region LR_IROM1 (Base: 0x00000000, Size: 0x00002a98, Max: 0x00040000, ABSOLUTE)

    Execution Region ER_IROM1 (Exec base: 0x00000000, Load base: 0x00000000, Size: 0x00002a90, Max: 0x00040000, ABSOLUTE)

    Exec Addr    Load Addr    Size         Type   Attr      Idx    E Section Name        Object

    0x00000000   0x00000000   0x0000026c   Data   RO           41    RESET               startup_tm4c123.o
    0x0000026c   0x0000026c   0x00000008   Code   RO          478  * !!!main             c_w.l(__main.o)
    0x00000274   0x00000274   0x00000034   Code   RO          655    !!!scatter          c_w.l(__scatter.o)
    0x000002a8   0x000002a8   0x0000001a   Code   RO          657    !!handler_copy      c_w.l(__scatter_copy.o)
    0x000002c2   0x000002c2   0x00000002   PAD
    0x000002c4   0x000002c4   0x0000001c   Code   RO          659    !!handler_zi        c_w.l(__scatter_zi.o)
    0x000002e0   0x000002e0   0x00000002   Code   RO          519    .ARM.Collect$$libinit$$00000000  c_w.l(libinit.o)
    0x000002e2   0x000002e2   0x00000004   Code   RO          531    .ARM.Collect$$libinit$$00000001  c_w.l(libinit2.o)
    0x000002e6   0x000002e6   0x00000000   Code   RO          534    .ARM.Collect$$libinit$$00000004  c_w.l(libinit2.o)
    0x000002e6   0x000002e6   0x00000000   Code   RO          537    .ARM.Collect$$libinit$$0000000A  c_w.l(libinit2.o)
    0x000002e6   0x000002e6   0x00000000   Code   RO          539    .ARM.Collect$$libinit$$0000000C  c_w.l(libinit2.o)
    0x000002e6   0x000002e6   0x00000000   Code   RO          541    .ARM.Collect$$libinit$$0000000E  c_w.l(libinit2.o)
    0x000002e6   0x000002e6   0x00000000   Code   RO          544    .ARM.Collect$$libinit$$00000011  c_w.l(libinit2.o)
    0x000002e6   0x000002e6   0x00000000   Code   RO          546    .ARM.Collect$$libinit$$00000013  c_w.l(libinit2.o)
    0x000002e6   0x000002e6   0x00000000   Code   RO          548    .ARM.Collect$$libinit$$00000015  c_w.l(libinit2.o)
    0x000002e6   0x000002e6   0x00000000   Code   RO          550    .ARM.Collect$$libinit$$00000017  c_w.l(libinit2.o)
    0x000002e6   0x000002e6   0x00000000   Code   RO          552    .ARM.Collect$$libinit$$00000019  c_w.l(libinit2.o)
    0x000002e6   0x000002e6   0x00000000   Code   RO          554    .ARM.Collect$$libinit$$0000001B  c_w.l(libinit2.o)
    0x000002e6   0x000002e6   0x00000000   Code   RO          556    .ARM.Collect$$libinit$$0000001D  c_w.l(libinit2.o)
    0x000002e6   0x000002e6   0x00000000   Code   RO          558    .ARM.Collect$$libinit$$0000001F  c_w.l(libinit2.o)
    0x000002e6   0x000002e6   0x00000000   Code   RO          560    .ARM.Collect$$libinit$$00000021  c_w.l(libinit2.o)
    0x000002e6   0x000002e6   0x00000000   Code   RO          562    .ARM.Collect$$libinit$$00000023  c_w.l(libinit2.o)
    0x000002e6   0x000002e6   0x00000000   Code   RO          564    .ARM.Collect$$libinit$$00000025  c_w.l(libinit2.o)
    0x000002e6   0x000002e6   0x00000000   Code   RO          568    .ARM.Collect$$libinit$$0000002C  c_w.l(libinit2.o)
    0x000002e6   0x000002e6   0x00000000   Code   RO          570    .ARM.Collect$$libinit$$0000002E  c_w.l(libinit2.o)
    0x000002e6   0x000002e6   0x00000000   Code   RO          572    .ARM.Collect$$libinit$$00000030  c_w.l(libinit2.o)
    0x000002e6   0x000002e6   0x00000000   Code   RO          574    .ARM.Collect$$libinit$$00000032  c_w.l(libinit2.o)
    0x000002e6   0x000002e6   0x00000002   Code   RO          575    .ARM.Collect$$libinit$$00000033  c_w.l(libinit2.o)
    0x000002e8   0x000002e8   0x00000002   Code   RO          610    .ARM.Collect$$libshutdown$$00000000  c_w.l(libshutdown.o)
    0x000002ea   0x000002ea   0x00000000   Code   RO          638    .ARM.Collect$$libshutdown$$00000002  c_w.l(libshutdown2.o)
    0x000002ea   0x000002ea   0x00000000   Code   RO          640    .ARM.Collect$$libshutdown$$00000004  c_w.l(libshutdown2.o)
    0x000002ea   0x000002ea   0x00000000   Code   RO          643    .ARM.Collect$$libshutdown$$00000007  c_w.l(libshutdown2.o)
    0x000002ea   0x000002ea   0x00000000   Code   RO          646    .ARM.Collect$$libshutdown$$0000000A  c_w.l(libshutdown2.o)
    0x000002ea   0x000002ea   0x00000000   Code   RO          648    .ARM.Collect$$libshutdown$$0000000C  c_w.l(libshutdown2.o)
    0x000002ea   0x000002ea   0x00000000   Code   RO          651    .ARM.Collect$$libshutdown$$0000000F  c_w.l(libshutdown2.o)
    0x000002ea   0x000002ea   0x00000002   Code   RO          652    .ARM.Collect$$libshutdown$$00000010  c_w.l(libshutdown2.o)
    0x000002ec   0x000002ec   0x00000000   Code   RO          480    .ARM.Collect$$rtentry$$00000000  c_w.l(__rtentry.o)
    0x000002ec   0x000002ec   0x00000000   Code   RO          490    .ARM.Collect$$rtentry$$00000002  c_w.l(__rtentry2.o)
    0x000002ec   0x000002ec   0x00000006   Code   RO          502    .ARM.Collect$$rtentry$$00000004  c_w.l(__rtentry4.o)
    0x000002f2   0x000002f2   0x00000000   Code   RO          492    .ARM.Collect$$rtentry$$00000009  c_w.l(__rtentry2.o)
    0x000002f2   0x000002f2   0x00000004   Code   RO          493    .ARM.Collect$$rtentry$$0000000A  c_w.l(__rtentry2.o)
    0x000002f6   0x000002f6   0x00000000   Code   RO          495    .ARM.Collect$$rtentry$$0000000C  c_w.l(__rtentry2.o)
    0x000002f6   0x000002f6   0x00000008   Code   RO          496    .ARM.Collect$$rtentry$$0000000D  c_w.l(__rtentry2.o)
    0x000002fe   0x000002fe   0x00000002   Code   RO          523    .ARM.Collect$$rtexit$$00000000  c_w.l(rtexit.o)
    0x00000300   0x00000300   0x00000000   Code   RO          581    .ARM.Collect$$rtexit$$00000002  c_w.l(rtexit2.o)
    0x00000300   0x00000300   0x00000004   Code   RO          582    .ARM.Collect$$rtexit$$00000003  c_w.l(rtexit2.o)
    0x00000304   0x00000304   0x00000006   Code   RO          583    .ARM.Collect$$rtexit$$00000004  c_w.l(rtexit2.o)
    0x0000030a   0x0000030a   0x00000002   PAD
    0x0000030c   0x0000030c   0x00000114   Code   RO           42    .text               startup_tm4c123.o
    0x00000420   0x00000420   0x000000f0   Code   RO          468    .text               c_w.l(lludivv7m.o)
    0x00000510   0x00000510   0x0000008a   Code   RO          472    .text               c_w.l(rt_memcpy_v6.o)
    0x0000059a   0x0000059a   0x00000010   Code   RO          474    .text               c_w.l(aeabi_memset4.o)
    0x000005aa   0x000005aa   0x00000006   Code   RO          476    .text               c_w.l(heapauxi.o)
    0x000005b0   0x000005b0   0x00000064   Code   RO          485    .text               c_w.l(rt_memcpy_w.o)
    0x00000614   0x00000614   0x0000004e   Code   RO          487    .text               c_w.l(rt_memclr_w.o)
    0x00000662   0x00000662   0x0000004a   Code   RO          506    .text               c_w.l(sys_stackheap_outer.o)
    0x000006ac   0x000006ac   0x00000012   Code   RO          508    .text               c_w.l(exit.o)
    0x000006be   0x000006be   0x00000002   PAD
    0x000006c0   0x000006c0   0x00000008   Code   RO          520    .text               c_w.l(libspace.o)
    0x000006c8   0x000006c8   0x0000000c   Code   RO          576    .text               c_w.l(sys_exit.o)
    0x000006d4   0x000006d4   0x00000002   Code   RO          599    .text               c_w.l(use_no_semi.o)
    0x000006d6   0x000006d6   0x00000000   Code   RO          601    .text               c_w.l(indicate_semi.o)
    0x000006d6   0x000006d6   0x0000000a   PAD
    0x000006e0   0x000006e0   0x00000064   Code   RO          104    .text.PendSV_Handler  port.o
    0x00000744   0x00000744   0x0000000c   PAD
    0x00000750   0x00000750   0x00000024   Code   RO           88    .text.SVC_Handler   port.o
    0x00000774   0x00000774   0x0000002e   Code   RO          106    .text.SysTick_Handler  port.o
    0x000007a2   0x000007a2   0x00000002   PAD
    0x000007a4   0x000007a4   0x00000070   Code   RO           53    .text.SystemInit    system_tm4c123.o
    0x00000814   0x00000814   0x0000003c   Code   RO          327    .text.eTaskConfirmSleepModeStatus  tasks.o
    0x00000850   0x00000850   0x0000002e   Code   RO           32    .text.init_gpio     bsp.o
    0x0000087e   0x0000087e   0x00000002   PAD
    0x00000880   0x00000880   0x00000128   Code   RO            2    .text.main          main.o
    0x000009a8   0x000009a8   0x000000aa   Code   RO          249    .text.prvAddCurrentTaskToDelayedList  tasks.o
    0x00000a52   0x00000a52   0x00000002   PAD
    0x00000a54   0x00000a54   0x000000ae   Code   RO          237    .text.prvAddNewTaskToReadyList  tasks.o
    0x00000b02   0x00000b02   0x00000002   PAD
    0x00000b04   0x00000b04   0x0000005a   Code   RO          402    .text.prvCheckForValidListAndQueue  timers.o
    0x00000b5e   0x00000b5e   0x00000002   PAD
    0x00000b60   0x00000b60   0x0000004e   Code   RO          367    .text.prvCheckTasksWaitingTermination  tasks.o
    0x00000bae   0x00000bae   0x00000002   PAD
    0x00000bb0   0x00000bb0   0x00000026   Code   RO          183    .text.prvCopyDataFromQueue  queue.o
    0x00000bd6   0x00000bd6   0x00000002   PAD
    0x00000bd8   0x00000bd8   0x0000007a   Code   RO          169    .text.prvCopyDataToQueue  queue.o
    0x00000c52   0x00000c52   0x00000002   PAD
    0x00000c54   0x00000c54   0x00000012   Code   RO          241    .text.prvDeleteTCB  tasks.o
    0x00000c66   0x00000c66   0x00000002   PAD
    0x00000c68   0x00000c68   0x00000012   Code   RO          187    .text.prvGetDisinheritPriorityAfterTimeout  queue.o
    0x00000c7a   0x00000c7a   0x00000002   PAD
    0x00000c7c   0x00000c7c   0x00000044   Code   RO          369    .text.prvGetExpectedIdleTime  tasks.o
    0x00000cc0   0x00000cc0   0x00000020   Code   RO          438    .text.prvGetNextExpireTime  timers.o
    0x00000ce0   0x00000ce0   0x00000076   Code   RO          275    .text.prvIdleTask   tasks.o
    0x00000d56   0x00000d56   0x00000002   PAD
    0x00000d58   0x00000d58   0x00000024   Code   RO          149    .text.prvInitialiseNewQueue  queue.o
    0x00000d7c   0x00000d7c   0x0000009c   Code   RO          235    .text.prvInitialiseNewTask  tasks.o
    0x00000e18   0x00000e18   0x0000006e   Code   RO          365    .text.prvInitialiseTaskLists  tasks.o
    0x00000e86   0x00000e86   0x00000002   PAD
    0x00000e88   0x00000e88   0x00000040   Code   RO          450    .text.prvInsertTimerInActiveList  timers.o
    0x00000ec8   0x00000ec8   0x00000018   Code   RO          185    .text.prvIsQueueEmpty  queue.o
    0x00000ee0   0x00000ee0   0x0000001c   Code   RO          173    .text.prvIsQueueFull  queue.o
    0x00000efc   0x00000efc   0x00000076   Code   RO          171    .text.prvNotifyQueueSetContainer  queue.o
    0x00000f72   0x00000f72   0x00000002   PAD
    0x00000f74   0x00000f74   0x00000028   Code   RO           96    .text.prvPortStartFirstTask  port.o
    0x00000f9c   0x00000f9c   0x0000006e   Code   RO          446    .text.prvProcessExpiredTimer  timers.o
    0x0000100a   0x0000100a   0x00000002   PAD
    0x0000100c   0x0000100c   0x00000122   Code   RO          442    .text.prvProcessReceivedCommands  timers.o
    0x0000112e   0x0000112e   0x00000002   PAD
    0x00001130   0x00001130   0x00000080   Code   RO          440    .text.prvProcessTimerOrBlockTask  timers.o
    0x000011b0   0x000011b0   0x00000028   Code   RO          243    .text.prvResetNextTaskUnblockTime  tasks.o
    0x000011d8   0x000011d8   0x0000002a   Code   RO          444    .text.prvSampleTimeNow  timers.o
    0x00001202   0x00001202   0x00000002   PAD
    0x00001204   0x00001204   0x0000008e   Code   RO          448    .text.prvSwitchTimerLists  timers.o
    0x00001292   0x00001292   0x00000002   PAD
    0x00001294   0x00001294   0x00000032   Code   RO           86    .text.prvTaskExitError  port.o
    0x000012c6   0x000012c6   0x00000002   PAD
    0x000012c8   0x000012c8   0x00000016   Code   RO          404    .text.prvTimerTask  timers.o
    0x000012de   0x000012de   0x00000002   PAD
    0x000012e0   0x000012e0   0x00000086   Code   RO          175    .text.prvUnlockQueue  queue.o
    0x00001366   0x00001366   0x00000002   PAD
    0x00001368   0x00001368   0x0000005a   Code   RO          126    .text.pvPortMalloc  heap_1.o
    0x000013c2   0x000013c2   0x00000002   PAD
    0x000013c4   0x000013c4   0x00000018   Code   RO          349    .text.pvTaskIncrementMutexHeldCount  tasks.o
    0x000013dc   0x000013dc   0x00000028   Code   RO           84    .text.pxPortInitialiseStack  port.o
    0x00001404   0x00001404   0x00000024   Code   RO            8    .text.service_1     main.o
    0x00001428   0x00001428   0x00000024   Code   RO           10    .text.service_2     main.o
    0x0000144c   0x0000144c   0x00000024   Code   RO           12    .text.service_3     main.o
    0x00001470   0x00001470   0x00000028   Code   RO           74    .text.uxListRemove  list.o
    0x00001498   0x00001498   0x00000010   Code   RO           16    .text.vApplicationIdleHook  main.o
    0x000014a8   0x000014a8   0x0000001a   Code   RO            4    .text.vHandlerTask  main.o
    0x000014c2   0x000014c2   0x00000002   PAD
    0x000014c4   0x000014c4   0x00000016   Code   RO           66    .text.vListInitialise  list.o
    0x000014da   0x000014da   0x00000002   PAD
    0x000014dc   0x000014dc   0x00000006   Code   RO           68    .text.vListInitialiseItem  list.o
    0x000014e2   0x000014e2   0x00000002   PAD
    0x000014e4   0x000014e4   0x0000003a   Code   RO           72    .text.vListInsert   list.o
    0x0000151e   0x0000151e   0x00000002   PAD
    0x00001520   0x00001520   0x0000001c   Code   RO           70    .text.vListInsertEnd  list.o
    0x0000153c   0x0000153c   0x000000b4   Code   RO            6    .text.vPeriodicTask  main.o
    0x000015f0   0x000015f0   0x00000014   Code   RO           94    .text.vPortEnableVFP  port.o
    0x00001604   0x00001604   0x00000046   Code   RO          100    .text.vPortEnterCritical  port.o
    0x0000164a   0x0000164a   0x00000002   PAD
    0x0000164c   0x0000164c   0x0000002e   Code   RO          102    .text.vPortExitCritical  port.o
    0x0000167a   0x0000167a   0x00000002   PAD
    0x0000167c   0x0000167c   0x0000001a   Code   RO          128    .text.vPortFree     heap_1.o
    0x00001696   0x00001696   0x00000002   PAD
    0x00001698   0x00001698   0x00000064   Code   RO           92    .text.vPortSetupTimerInterrupt  port.o
    0x000016fc   0x000016fc   0x00000116   Code   RO          108    .text.vPortSuppressTicksAndSleep  port.o
    0x00001812   0x00001812   0x00000002   PAD
    0x00001814   0x00001814   0x00000062   Code   RO          110    .text.vPortValidateInterruptPriority  port.o
    0x00001876   0x00001876   0x00000002   PAD
    0x00001878   0x00001878   0x00000044   Code   RO          213    .text.vQueueWaitForMessageRestricted  queue.o
    0x000018bc   0x000018bc   0x00000054   Code   RO          253    .text.vTaskDelay    tasks.o
    0x00001910   0x00001910   0x0000001a   Code   RO          317    .text.vTaskInternalSetTimeOutState  tasks.o
    0x0000192a   0x0000192a   0x00000002   PAD
    0x0000192c   0x0000192c   0x0000000e   Code   RO          321    .text.vTaskMissedYield  tasks.o
    0x0000193a   0x0000193a   0x00000002   PAD
    0x0000193c   0x0000193c   0x00000032   Code   RO          305    .text.vTaskPlaceOnEventList  tasks.o
    0x0000196e   0x0000196e   0x00000002   PAD
    0x00001970   0x00001970   0x0000003e   Code   RO          309    .text.vTaskPlaceOnEventListRestricted  tasks.o
    0x000019ae   0x000019ae   0x00000002   PAD
    0x000019b0   0x000019b0   0x000000ba   Code   RO          345    .text.vTaskPriorityDisinheritAfterTimeout  tasks.o
    0x00001a6a   0x00001a6a   0x00000002   PAD
    0x00001a6c   0x00001a6c   0x00000090   Code   RO          273    .text.vTaskStartScheduler  tasks.o
    0x00001afc   0x00001afc   0x00000036   Code   RO          299    .text.vTaskStepTick  tasks.o
    0x00001b32   0x00001b32   0x00000002   PAD
    0x00001b34   0x00001b34   0x00000010   Code   RO          247    .text.vTaskSuspendAll  tasks.o
    0x00001b44   0x00001b44   0x00000086   Code   RO          265    .text.vTaskSwitchContext  tasks.o
    0x00001bca   0x00001bca   0x00000002   PAD
    0x00001bcc   0x00001bcc   0x00000116   Code   RO           90    .text.xPortStartScheduler  port.o
    0x00001ce2   0x00001ce2   0x00000002   PAD
    0x00001ce4   0x00001ce4   0x00000042   Code   RO          147    .text.xQueueGenericCreate  queue.o
    0x00001d26   0x00001d26   0x00000002   PAD
    0x00001d28   0x00001d28   0x0000007e   Code   RO          145    .text.xQueueGenericReset  queue.o
    0x00001da6   0x00001da6   0x00000002   PAD
    0x00001da8   0x00001da8   0x000001d0   Code   RO          161    .text.xQueueGenericSend  queue.o
    0x00001f78   0x00001f78   0x0000011a   Code   RO          177    .text.xQueueGenericSendFromISR  queue.o
    0x00002092   0x00002092   0x00000002   PAD
    0x00002094   0x00002094   0x00000180   Code   RO          181    .text.xQueueReceive  queue.o
    0x00002214   0x00002214   0x000001c6   Code   RO          165    .text.xQueueSemaphoreTake  queue.o
    0x000023da   0x000023da   0x00000002   PAD
    0x000023dc   0x000023dc   0x000000a2   Code   RO          319    .text.xTaskCheckForTimeOut  tasks.o
    0x0000247e   0x0000247e   0x00000002   PAD
    0x00002480   0x00002480   0x00000060   Code   RO          233    .text.xTaskCreate   tasks.o
    0x000024e0   0x000024e0   0x00000026   Code   RO          339    .text.xTaskGetSchedulerState  tasks.o
    0x00002506   0x00002506   0x00000002   PAD
    0x00002508   0x00002508   0x0000000c   Code   RO          281    .text.xTaskGetTickCount  tasks.o
    0x00002514   0x00002514   0x00000164   Code   RO          279    .text.xTaskIncrementTick  tasks.o
    0x00002678   0x00002678   0x000000b2   Code   RO          343    .text.xTaskPriorityDisinherit  tasks.o
    0x0000272a   0x0000272a   0x00000002   PAD
    0x0000272c   0x0000272c   0x000000aa   Code   RO          341    .text.xTaskPriorityInherit  tasks.o
    0x000027d6   0x000027d6   0x00000002   PAD
    0x000027d8   0x000027d8   0x0000009c   Code   RO          311    .text.xTaskRemoveFromEventList  tasks.o
    0x00002874   0x00002874   0x00000118   Code   RO          251    .text.xTaskResumeAll  tasks.o
    0x0000298c   0x0000298c   0x00000060   Code   RO          400    .text.xTimerCreateTimerTask  timers.o
    0x000029ec   0x000029ec   0x00000068   Code   RO          410    .text.xTimerGenericCommand  timers.o
    0x00002a54   0x00002a54   0x0000001a   Code   RO          593    x$fpl$fpinit        fz_wm.l(fpinit.o)
    0x00002a6e   0x00002a6e   0x00000002   PAD
    0x00002a70   0x00002a70   0x00000020   Data   RO          654    Region$$Table       anon$$obj.o


    Execution Region RW_IRAM1 (Exec base: 0x20000000, Load base: 0x00002a90, Size: 0x000013d8, Max: 0x00008000, ABSOLUTE)

    Exec Addr    Load Addr    Size         Type   Attr      Idx    E Section Name        Object

    0x20000000   0x00002a90   0x00000004   Data   RW           55    .data.SystemCoreClock  system_tm4c123.o
    0x20000004   0x00002a94   0x00000004   Data   RW          114    .data.uxCriticalNesting  port.o
    0x20000008        -       0x00000060   Zero   RW          521    .bss                c_w.l(libspace.o)
    0x20000068        -       0x00000004   Zero   RW           20    .bss.Sem1           main.o
    0x2000006c        -       0x00000004   Zero   RW           21    .bss.Sem2           main.o
    0x20000070        -       0x00000004   Zero   RW           22    .bss.Sem3           main.o
    0x20000074        -       0x00000004   Zero   RW          456    .bss.prvSampleTimeNow.xLastTime  timers.o
    0x20000078        -       0x00000004   Zero   RW          134    .bss.pvPortMalloc.pucAlignedHeap  heap_1.o
    0x2000007c        -       0x00000004   Zero   RW          371    .bss.pxCurrentTCB   tasks.o
    0x20000080        -       0x00000004   Zero   RW          454    .bss.pxCurrentTimerList  timers.o
    0x20000084        -       0x00000004   Zero   RW          381    .bss.pxDelayedTaskList  tasks.o
    0x20000088        -       0x00000004   Zero   RW          382    .bss.pxOverflowDelayedTaskList  tasks.o
    0x2000008c        -       0x00000004   Zero   RW          455    .bss.pxOverflowTimerList  timers.o
    0x20000090        -       0x00000064   Zero   RW          372    .bss.pxReadyTasksLists  tasks.o
    0x200000f4        -       0x00001000   Zero   RW          135    .bss.ucHeap         heap_1.o
    0x200010f4        -       0x00000001   Zero   RW          112    .bss.ucMaxSysCallPriority  port.o
    0x200010f5   0x00002a98   0x00000003   PAD
    0x200010f8        -       0x00000004   Zero   RW           18    .bss.ulIdleCycleCount  main.o
    0x200010fc        -       0x00000004   Zero   RW          113    .bss.ulMaxPRIGROUPValue  port.o
    0x20001100        -       0x00000001   Zero   RW          117    .bss.ulStoppedTimerCompensation  port.o
    0x20001101   0x00002a98   0x00000003   PAD
    0x20001104        -       0x00000004   Zero   RW          116    .bss.ulTimerCountsForOneTick  port.o
    0x20001108        -       0x00000004   Zero   RW          377    .bss.uxCurrentNumberOfTasks  tasks.o
    0x2000110c        -       0x00000004   Zero   RW          376    .bss.uxDeletedTasksWaitingCleanUp  tasks.o
    0x20001110        -       0x00000004   Zero   RW          379    .bss.uxSchedulerSuspended  tasks.o
    0x20001114        -       0x00000004   Zero   RW          374    .bss.uxTaskNumber   tasks.o
    0x20001118        -       0x00000004   Zero   RW          373    .bss.uxTopReadyPriority  tasks.o
    0x2000111c        -       0x00000014   Zero   RW          457    .bss.xActiveTimerList1  timers.o
    0x20001130        -       0x00000014   Zero   RW          458    .bss.xActiveTimerList2  timers.o
    0x20001144        -       0x00000004   Zero   RW           19    .bss.xBinarySemaphore  main.o
    0x20001148        -       0x00000014   Zero   RW          390    .bss.xDelayedTaskList1  tasks.o
    0x2000115c        -       0x00000014   Zero   RW          391    .bss.xDelayedTaskList2  tasks.o
    0x20001170        -       0x00000004   Zero   RW          385    .bss.xIdleTaskHandle  tasks.o
    0x20001174        -       0x00000004   Zero   RW          115    .bss.xMaximumPossibleSuppressedTicks  port.o
    0x20001178        -       0x00000004   Zero   RW          136    .bss.xNextFreeByte  heap_1.o
    0x2000117c        -       0x00000004   Zero   RW          386    .bss.xNextTaskUnblockTime  tasks.o
    0x20001180        -       0x00000004   Zero   RW          389    .bss.xNumOfOverflows  tasks.o
    0x20001184        -       0x00000004   Zero   RW          388    .bss.xPendedTicks   tasks.o
    0x20001188        -       0x00000014   Zero   RW          384    .bss.xPendingReadyList  tasks.o
    0x2000119c        -       0x00000004   Zero   RW          378    .bss.xSchedulerRunning  tasks.o
    0x200011a0        -       0x00000014   Zero   RW          383    .bss.xSuspendedTaskList  tasks.o
    0x200011b4        -       0x00000014   Zero   RW          375    .bss.xTasksWaitingTermination  tasks.o
    0x200011c8        -       0x00000004   Zero   RW          380    .bss.xTickCount     tasks.o
    0x200011cc        -       0x00000004   Zero   RW          452    .bss.xTimerQueue    timers.o
    0x200011d0        -       0x00000004   Zero   RW          453    .bss.xTimerTaskHandle  timers.o
    0x200011d4        -       0x00000004   Zero   RW          387    .bss.xYieldPending  tasks.o
    0x200011d8        -       0x00000000   Zero   RW           40    HEAP                startup_tm4c123.o
    0x200011d8        -       0x00000200   Zero   RW           39    STACK               startup_tm4c123.o


==============================================================================

Image component sizes


      Code (inc. data)   RO Data    RW Data    ZI Data      Debug   Object Name

        46          0          0          0          0       5481   bsp.o
       116          0          0          0       4104       1808   heap_1.o
       154          0          0          0          0       2342   list.o
       626         56          0          0         20       3288   main.o
      1202         16          0          4         14       5217   port.o
      2362          0          0          0          0      21782   queue.o
       276         24        620          0        512       5512   startup_tm4c123.o
       112          0          0          4          0       6575   system_tm4c123.o
      3234          8          0          0        260      31375   tasks.o
      1120         18          0          0         60      12268   timers.o

    ----------------------------------------------------------------------
      9352        134        652          8       4976      95648   Object Totals
         0          0         32          0          0          0   (incl. Generated)
       104         12          0          0          6          0   (incl. Padding)

    ----------------------------------------------------------------------

      Code (inc. data)   RO Data    RW Data    ZI Data      Debug   Library Member Name

         8          0          0          0          0         68   __main.o
         0          0          0          0          0          0   __rtentry.o
        12          0          0          0          0          0   __rtentry2.o
         6          0          0          0          0          0   __rtentry4.o
        52          8          0          0          0          0   __scatter.o
        26          0          0          0          0          0   __scatter_copy.o
        28          0          0          0          0          0   __scatter_zi.o
        16          0          0          0          0         68   aeabi_memset4.o
        18          0          0          0          0         80   exit.o
         6          0          0          0          0        152   heapauxi.o
         0          0          0          0          0          0   indicate_semi.o
         2          0          0          0          0          0   libinit.o
         6          0          0          0          0          0   libinit2.o
         2          0          0          0          0          0   libshutdown.o
         2          0          0          0          0          0   libshutdown2.o
         8          4          0          0         96         68   libspace.o
       240          0          0          0          0        100   lludivv7m.o
        78          0          0          0          0         80   rt_memclr_w.o
       138          0          0          0          0         68   rt_memcpy_v6.o
       100          0          0          0          0         80   rt_memcpy_w.o
         2          0          0          0          0          0   rtexit.o
        10          0          0          0          0          0   rtexit2.o
        12          4          0          0          0         68   sys_exit.o
        74          0          0          0          0         80   sys_stackheap_outer.o
         2          0          0          0          0         68   use_no_semi.o
        26          0          0          0          0        116   fpinit.o

    ----------------------------------------------------------------------
       892         16          0          0         96       1096   Library Totals
        18          0          0          0          0          0   (incl. Padding)

    ----------------------------------------------------------------------

      Code (inc. data)   RO Data    RW Data    ZI Data      Debug   Library Name

       848         16          0          0         96        980   c_w.l
        26          0          0          0          0        116   fz_wm.l

    ----------------------------------------------------------------------
       892         16          0          0         96       1096   Library Totals

    ----------------------------------------------------------------------

==============================================================================


      Code (inc. data)   RO Data    RW Data    ZI Data      Debug   

     10244        150        652          8       5072      96200   Grand Totals
     10244        150        652          8       5072      96200   ELF Image Totals
     10244        150        652          8          0          0   ROM Totals

==============================================================================

    Total RO  Size (Code + RO Data)                10896 (  10.64kB)
    Total RW  Size (RW Data + ZI Data)              5080 (   4.96kB)
    Total ROM Size (Code + RO Data + RW Data)      10904 (  10.65kB)

==============================================================================

